nrf24.c:47:6:NRF24_DelayMicroSeconds	24	static
nrf24.c:55:6:NRF24_csn	16	static
nrf24.c:61:6:NRF24_ce	16	static
nrf24.c:67:9:NRF24_read_register	24	static
nrf24.c:84:6:NRF24_read_registerN	24	static
nrf24.c:99:6:NRF24_write_register	24	static
nrf24.c:112:6:NRF24_write_registerN	24	static
nrf24.c:125:6:NRF24_write_payload	24	static
nrf24.c:138:6:NRF24_read_payload	24	static
nrf24.c:152:6:NRF24_flush_tx	8	static
nrf24.c:157:6:NRF24_flush_rx	8	static
nrf24.c:162:9:NRF24_get_status	16	static
nrf24.c:170:6:NRF24_begin	24	static
nrf24.c:242:6:NRF24_startListening	8	static
nrf24.c:259:6:NRF24_stopListening	8	static
nrf24.c:266:6:NRF24_write	32	static
nrf24.c:302:6:NRF24_available	8	static
nrf24.c:307:6:NRF24_read	24	static
nrf24.c:316:6:NRF24_openWritingPipe	24	static
nrf24.c:325:6:NRF24_openReadingPipe	24	static
nrf24.c:349:6:NRF24_setRetries	16	static
nrf24.c:355:6:NRF24_setChannel	24	static
nrf24.c:361:6:NRF24_setPayloadSize	24	static
nrf24.c:367:9:NRF24_getPayloadSize	4	static
nrf24.c:372:9:NRF24_getDynamicPayloadSize	8	static
nrf24.c:377:6:NRF24_enableAckPayload	8	static
nrf24.c:390:6:NRF24_enableDynamicPayloads	8	static
nrf24.c:404:6:NRF24_disableDynamicPayloads	8	static
nrf24.c:412:6:NRF24_isNRF_Plus	4	static
nrf24.c:417:6:NRF24_setAutoAck	16	static
nrf24.c:425:6:NRF24_setAutoAckPipe	24	static
nrf24.c:442:6:NRF24_setPALevel	24	static
nrf24.c:473:15:NRF24_getPALevel	16	static
nrf24.c:499:6:NRF24_setDataRate	24	static
nrf24.c:544:17:NRF24_getDataRate	16	static
nrf24.c:569:6:NRF24_setCRCLength	24	static
nrf24.c:590:18:NRF24_getCRCLength	16	static
nrf24.c:606:6:NRF24_disableCRC	16	static
nrf24.c:612:6:NRF24_powerUp	8	static
nrf24.c:617:6:NRF24_powerDown	8	static
nrf24.c:622:6:NRF24_availablePipe	24	static
nrf24.c:646:6:NRF24_startWrite	16	static
nrf24.c:663:6:NRF24_writeAckPayload	24	static
nrf24.c:674:6:NRF24_isAckPayloadAvailable	16	static
nrf24.c:681:6:NRF24_whatHappened	32	static
nrf24.c:692:6:NRF24_testCarrier	8	static
nrf24.c:697:6:NRF24_testRPD	8	static
nrf24.c:703:6:NRF24_resetStatus	8	static
nrf24.c:709:6:NRF24_ACTIVATE_cmd	16	static
nrf24.c:720:9:NRF24_GetAckPayloadSize	4	static
