Archive member included to satisfy reference by file (symbol)

c:/st/stm32cubeide_1.5.0/stm32cubeide/plugins/com.st.stm32cube.ide.mcu.externaltools.gnu-tools-for-stm32.7-2018-q2-update.win32_1.5.0.202011040924/tools/bin/../lib/gcc/arm-none-eabi/7.3.1/../../../../arm-none-eabi/lib/thumb/v7e-m/fpv4-sp/hard\libc_nano.a(lib_a-errno.o)
                              Core/Src/syscalls.o (__errno)
c:/st/stm32cubeide_1.5.0/stm32cubeide/plugins/com.st.stm32cube.ide.mcu.externaltools.gnu-tools-for-stm32.7-2018-q2-update.win32_1.5.0.202011040924/tools/bin/../lib/gcc/arm-none-eabi/7.3.1/../../../../arm-none-eabi/lib/thumb/v7e-m/fpv4-sp/hard\libc_nano.a(lib_a-exit.o)
                              c:/st/stm32cubeide_1.5.0/stm32cubeide/plugins/com.st.stm32cube.ide.mcu.externaltools.gnu-tools-for-stm32.7-2018-q2-update.win32_1.5.0.202011040924/tools/bin/../lib/gcc/arm-none-eabi/7.3.1/../../../../arm-none-eabi/lib/thumb/v7e-m/fpv4-sp/hard/crt0.o (exit)
c:/st/stm32cubeide_1.5.0/stm32cubeide/plugins/com.st.stm32cube.ide.mcu.externaltools.gnu-tools-for-stm32.7-2018-q2-update.win32_1.5.0.202011040924/tools/bin/../lib/gcc/arm-none-eabi/7.3.1/../../../../arm-none-eabi/lib/thumb/v7e-m/fpv4-sp/hard\libc_nano.a(lib_a-impure.o)
                              c:/st/stm32cubeide_1.5.0/stm32cubeide/plugins/com.st.stm32cube.ide.mcu.externaltools.gnu-tools-for-stm32.7-2018-q2-update.win32_1.5.0.202011040924/tools/bin/../lib/gcc/arm-none-eabi/7.3.1/../../../../arm-none-eabi/lib/thumb/v7e-m/fpv4-sp/hard\libc_nano.a(lib_a-exit.o) (_global_impure_ptr)
c:/st/stm32cubeide_1.5.0/stm32cubeide/plugins/com.st.stm32cube.ide.mcu.externaltools.gnu-tools-for-stm32.7-2018-q2-update.win32_1.5.0.202011040924/tools/bin/../lib/gcc/arm-none-eabi/7.3.1/../../../../arm-none-eabi/lib/thumb/v7e-m/fpv4-sp/hard\libc_nano.a(lib_a-init.o)
                              c:/st/stm32cubeide_1.5.0/stm32cubeide/plugins/com.st.stm32cube.ide.mcu.externaltools.gnu-tools-for-stm32.7-2018-q2-update.win32_1.5.0.202011040924/tools/bin/../lib/gcc/arm-none-eabi/7.3.1/../../../../arm-none-eabi/lib/thumb/v7e-m/fpv4-sp/hard/crt0.o (__libc_init_array)
c:/st/stm32cubeide_1.5.0/stm32cubeide/plugins/com.st.stm32cube.ide.mcu.externaltools.gnu-tools-for-stm32.7-2018-q2-update.win32_1.5.0.202011040924/tools/bin/../lib/gcc/arm-none-eabi/7.3.1/../../../../arm-none-eabi/lib/thumb/v7e-m/fpv4-sp/hard\libc_nano.a(lib_a-malloc.o)
                              Middlewares/ST/STM32_USB_Device_Library/Class/CDC/Src/usbd_cdc.o (malloc)
c:/st/stm32cubeide_1.5.0/stm32cubeide/plugins/com.st.stm32cube.ide.mcu.externaltools.gnu-tools-for-stm32.7-2018-q2-update.win32_1.5.0.202011040924/tools/bin/../lib/gcc/arm-none-eabi/7.3.1/../../../../arm-none-eabi/lib/thumb/v7e-m/fpv4-sp/hard\libc_nano.a(lib_a-memset.o)
                              c:/st/stm32cubeide_1.5.0/stm32cubeide/plugins/com.st.stm32cube.ide.mcu.externaltools.gnu-tools-for-stm32.7-2018-q2-update.win32_1.5.0.202011040924/tools/bin/../lib/gcc/arm-none-eabi/7.3.1/../../../../arm-none-eabi/lib/thumb/v7e-m/fpv4-sp/hard/crt0.o (memset)
c:/st/stm32cubeide_1.5.0/stm32cubeide/plugins/com.st.stm32cube.ide.mcu.externaltools.gnu-tools-for-stm32.7-2018-q2-update.win32_1.5.0.202011040924/tools/bin/../lib/gcc/arm-none-eabi/7.3.1/../../../../arm-none-eabi/lib/thumb/v7e-m/fpv4-sp/hard\libc_nano.a(lib_a-nano-freer.o)
                              c:/st/stm32cubeide_1.5.0/stm32cubeide/plugins/com.st.stm32cube.ide.mcu.externaltools.gnu-tools-for-stm32.7-2018-q2-update.win32_1.5.0.202011040924/tools/bin/../lib/gcc/arm-none-eabi/7.3.1/../../../../arm-none-eabi/lib/thumb/v7e-m/fpv4-sp/hard\libc_nano.a(lib_a-malloc.o) (_free_r)
c:/st/stm32cubeide_1.5.0/stm32cubeide/plugins/com.st.stm32cube.ide.mcu.externaltools.gnu-tools-for-stm32.7-2018-q2-update.win32_1.5.0.202011040924/tools/bin/../lib/gcc/arm-none-eabi/7.3.1/../../../../arm-none-eabi/lib/thumb/v7e-m/fpv4-sp/hard\libc_nano.a(lib_a-nano-mallocr.o)
                              c:/st/stm32cubeide_1.5.0/stm32cubeide/plugins/com.st.stm32cube.ide.mcu.externaltools.gnu-tools-for-stm32.7-2018-q2-update.win32_1.5.0.202011040924/tools/bin/../lib/gcc/arm-none-eabi/7.3.1/../../../../arm-none-eabi/lib/thumb/v7e-m/fpv4-sp/hard\libc_nano.a(lib_a-malloc.o) (_malloc_r)
c:/st/stm32cubeide_1.5.0/stm32cubeide/plugins/com.st.stm32cube.ide.mcu.externaltools.gnu-tools-for-stm32.7-2018-q2-update.win32_1.5.0.202011040924/tools/bin/../lib/gcc/arm-none-eabi/7.3.1/../../../../arm-none-eabi/lib/thumb/v7e-m/fpv4-sp/hard\libc_nano.a(lib_a-sbrkr.o)
                              c:/st/stm32cubeide_1.5.0/stm32cubeide/plugins/com.st.stm32cube.ide.mcu.externaltools.gnu-tools-for-stm32.7-2018-q2-update.win32_1.5.0.202011040924/tools/bin/../lib/gcc/arm-none-eabi/7.3.1/../../../../arm-none-eabi/lib/thumb/v7e-m/fpv4-sp/hard\libc_nano.a(lib_a-nano-mallocr.o) (_sbrk_r)
[...]
Memory Configuration

Name             Origin             Length             Attributes
RAM              0x0000000020000000 0x0000000000010000 xrw
FLASH            0x0000000008000000 0x0000000000020000 xr
*default*        0x0000000000000000 0xffffffffffffffff

Linker script and memory map

LOAD c:/st/stm32cubeide_1.5.0/stm32cubeide/plugins/com.st.stm32cube.ide.mcu.externaltools.gnu-tools-for-stm32.7-2018-q2-update.win32_1.5.0.202011040924/tools/bin/../lib/gcc/arm-none-eabi/7.3.1/thumb/v7e-m/fpv4-sp/hard/crti.o
LOAD c:/st/stm32cubeide_1.5.0/stm32cubeide/plugins/com.st.stm32cube.ide.mcu.externaltools.gnu-tools-for-stm32.7-2018-q2-update.win32_1.5.0.202011040924/tools/bin/../lib/gcc/arm-none-eabi/7.3.1/thumb/v7e-m/fpv4-sp/hard/crtbegin.o
LOAD c:/st/stm32cubeide_1.5.0/stm32cubeide/plugins/com.st.stm32cube.ide.mcu.externaltools.gnu-tools-for-stm32.7-2018-q2-update.win32_1.5.0.202011040924/tools/bin/../lib/gcc/arm-none-eabi/7.3.1/../../../../arm-none-eabi/lib/thumb/v7e-m/fpv4-sp/hard/crt0.o
LOAD Core/Src/main.o
LOAD Core/Src/spi.o
LOAD Core/Src/stm32l4xx_hal_msp.o
LOAD Core/Src/stm32l4xx_it.o
LOAD Core/Src/syscalls.o
LOAD Core/Src/sysmem.o
LOAD Core/Src/system_stm32l4xx.o
LOAD Core/Startup/startup_stm32l432kbux.o
LOAD Drivers/STM32L4xx_HAL_Driver/Src/stm32l4xx_hal.o
LOAD Drivers/STM32L4xx_HAL_Driver/Src/stm32l4xx_hal_cortex.o
LOAD Drivers/STM32L4xx_HAL_Driver/Src/stm32l4xx_hal_dma.o
LOAD Drivers/STM32L4xx_HAL_Driver/Src/stm32l4xx_hal_dma_ex.o
LOAD Drivers/STM32L4xx_HAL_Driver/Src/stm32l4xx_hal_exti.o
LOAD Drivers/STM32L4xx_HAL_Driver/Src/stm32l4xx_hal_flash.o
LOAD Drivers/STM32L4xx_HAL_Driver/Src/stm32l4xx_hal_flash_ex.o
LOAD Drivers/STM32L4xx_HAL_Driver/Src/stm32l4xx_hal_flash_ramfunc.o
LOAD Drivers/STM32L4xx_HAL_Driver/Src/stm32l4xx_hal_gpio.o
LOAD Drivers/STM32L4xx_HAL_Driver/Src/stm32l4xx_hal_i2c.o
LOAD Drivers/STM32L4xx_HAL_Driver/Src/stm32l4xx_hal_i2c_ex.o
LOAD Drivers/STM32L4xx_HAL_Driver/Src/stm32l4xx_hal_pcd.o
LOAD Drivers/STM32L4xx_HAL_Driver/Src/stm32l4xx_hal_pcd_ex.o
LOAD Drivers/STM32L4xx_HAL_Driver/Src/stm32l4xx_hal_pwr.o
LOAD Drivers/STM32L4xx_HAL_Driver/Src/stm32l4xx_hal_pwr_ex.o
LOAD Drivers/STM32L4xx_HAL_Driver/Src/stm32l4xx_hal_rcc.o
LOAD Drivers/STM32L4xx_HAL_Driver/Src/stm32l4xx_hal_rcc_ex.o
LOAD Drivers/STM32L4xx_HAL_Driver/Src/stm32l4xx_hal_spi.o
LOAD Drivers/STM32L4xx_HAL_Driver/Src/stm32l4xx_hal_spi_ex.o
LOAD Drivers/STM32L4xx_HAL_Driver/Src/stm32l4xx_hal_tim.o
LOAD Drivers/STM32L4xx_HAL_Driver/Src/stm32l4xx_hal_tim_ex.o
LOAD Drivers/STM32L4xx_HAL_Driver/Src/stm32l4xx_ll_usb.o
LOAD Middlewares/ST/STM32_USB_Device_Library/Class/CDC/Src/usbd_cdc.o
LOAD Middlewares/ST/STM32_USB_Device_Library/Core/Src/usbd_core.o
LOAD Middlewares/ST/STM32_USB_Device_Library/Core/Src/usbd_ctlreq.o
LOAD Middlewares/ST/STM32_USB_Device_Library/Core/Src/usbd_ioreq.o
LOAD USB_DEVICE/App/usb_device.o
LOAD USB_DEVICE/App/usbd_cdc_if.o
LOAD USB_DEVICE/App/usbd_desc.o
LOAD USB_DEVICE/Target/usbd_conf.o
START GROUP
LOAD c:/st/stm32cubeide_1.5.0/stm32cubeide/plugins/com.st.stm32cube.ide.mcu.externaltools.gnu-tools-for-stm32.7-2018-q2-update.win32_1.5.0.202011040924/tools/bin/../lib/gcc/arm-none-eabi/7.3.1/../../../../arm-none-eabi/lib/thumb/v7e-m/fpv4-sp/hard\libc_nano.a
LOAD c:/st/stm32cubeide_1.5.0/stm32cubeide/plugins/com.st.stm32cube.ide.mcu.externaltools.gnu-tools-for-stm32.7-2018-q2-update.win32_1.5.0.202011040924/tools/bin/../lib/gcc/arm-none-eabi/7.3.1/../../../../arm-none-eabi/lib/thumb/v7e-m/fpv4-sp/hard\libm.a
END GROUP
START GROUP
LOAD c:/st/stm32cubeide_1.5.0/stm32cubeide/plugins/com.st.stm32cube.ide.mcu.externaltools.gnu-tools-for-stm32.7-2018-q2-update.win32_1.5.0.202011040924/tools/bin/../lib/gcc/arm-none-eabi/7.3.1/thumb/v7e-m/fpv4-sp/hard\libgcc.a
LOAD c:/st/stm32cubeide_1.5.0/stm32cubeide/plugins/com.st.stm32cube.ide.mcu.externaltools.gnu-tools-for-stm32.7-2018-q2-update.win32_1.5.0.202011040924/tools/bin/../lib/gcc/arm-none-eabi/7.3.1/../../../../arm-none-eabi/lib/thumb/v7e-m/fpv4-sp/hard\libc_nano.a
END GROUP
START GROUP
LOAD c:/st/stm32cubeide_1.5.0/stm32cubeide/plugins/com.st.stm32cube.ide.mcu.externaltools.gnu-tools-for-stm32.7-2018-q2-update.win32_1.5.0.202011040924/tools/bin/../lib/gcc/arm-none-eabi/7.3.1/thumb/v7e-m/fpv4-sp/hard\libgcc.a
LOAD c:/st/stm32cubeide_1.5.0/stm32cubeide/plugins/com.st.stm32cube.ide.mcu.externaltools.gnu-tools-for-stm32.7-2018-q2-update.win32_1.5.0.202011040924/tools/bin/../lib/gcc/arm-none-eabi/7.3.1/../../../../arm-none-eabi/lib/thumb/v7e-m/fpv4-sp/hard\libc_nano.a
LOAD c:/st/stm32cubeide_1.5.0/stm32cubeide/plugins/com.st.stm32cube.ide.mcu.externaltools.gnu-tools-for-stm32.7-2018-q2-update.win32_1.5.0.202011040924/tools/bin/../lib/gcc/arm-none-eabi/7.3.1/../../../../arm-none-eabi/lib/thumb/v7e-m/fpv4-sp/hard\libnosys.a
END GROUP
START GROUP
LOAD c:/st/stm32cubeide_1.5.0/stm32cubeide/plugins/com.st.stm32cube.ide.mcu.externaltools.gnu-tools-for-stm32.7-2018-q2-update.win32_1.5.0.202011040924/tools/bin/../lib/gcc/arm-none-eabi/7.3.1/thumb/v7e-m/fpv4-sp/hard\libgcc.a
LOAD c:/st/stm32cubeide_1.5.0/stm32cubeide/plugins/com.st.stm32cube.ide.mcu.externaltools.gnu-tools-for-stm32.7-2018-q2-update.win32_1.5.0.202011040924/tools/bin/../lib/gcc/arm-none-eabi/7.3.1/../../../../arm-none-eabi/lib/thumb/v7e-m/fpv4-sp/hard\libc_nano.a
LOAD c:/st/stm32cubeide_1.5.0/stm32cubeide/plugins/com.st.stm32cube.ide.mcu.externaltools.gnu-tools-for-stm32.7-2018-q2-update.win32_1.5.0.202011040924/tools/bin/../lib/gcc/arm-none-eabi/7.3.1/../../../../arm-none-eabi/lib/thumb/v7e-m/fpv4-sp/hard\libnosys.a
END GROUP
LOAD c:/st/stm32cubeide_1.5.0/stm32cubeide/plugins/com.st.stm32cube.ide.mcu.externaltools.gnu-tools-for-stm32.7-2018-q2-update.win32_1.5.0.202011040924/tools/bin/../lib/gcc/arm-none-eabi/7.3.1/thumb/v7e-m/fpv4-sp/hard/crtend.o
LOAD c:/st/stm32cubeide_1.5.0/stm32cubeide/plugins/com.st.stm32cube.ide.mcu.externaltools.gnu-tools-for-stm32.7-2018-q2-update.win32_1.5.0.202011040924/tools/bin/../lib/gcc/arm-none-eabi/7.3.1/thumb/v7e-m/fpv4-sp/hard/crtn.o
                0x0000000020010000                _estack = (ORIGIN (RAM) + LENGTH (RAM))
                0x0000000000000200                _Min_Heap_Size = 0x200
                0x0000000000000400                _Min_Stack_Size = 0x400

.isr_vector     0x0000000008000000      0x18c
                0x0000000008000000                . = ALIGN (0x4)
 *(.isr_vector)
 .isr_vector    0x0000000008000000      0x18c Core/Startup/startup_stm32l432kbux.o
                0x0000000008000000                g_pfnVectors
                0x000000000800018c                . = ALIGN (0x4)

.text           0x0000000008000190     0x8250
                0x0000000008000190                . = ALIGN (0x4)
 *(.text)
 .text          0x0000000008000190       0x40 c:/st/stm32cubeide_1.5.0/stm32cubeide/plugins/com.st.stm32cube.ide.mcu.externaltools.gnu-tools-for-stm32.7-2018-q2-update.win32_1.5.0.202011040924/tools/bin/../lib/gcc/arm-none-eabi/7.3.1/thumb/v7e-m/fpv4-sp/hard/crtbegin.o
 .text          0x00000000080001d0       0x10 c:/st/stm32cubeide_1.5.0/stm32cubeide/plugins/com.st.stm32cube.ide.mcu.externaltools.gnu-tools-for-stm32.7-2018-q2-update.win32_1.5.0.202011040924/tools/bin/../lib/gcc/arm-none-eabi/7.3.1/../../../../arm-none-eabi/lib/thumb/v7e-m/fpv4-sp/hard\libc_nano.a(lib_a-strlen.o)
                0x00000000080001d0                strlen
 .text          0x00000000080001e0       0xa0 c:/st/stm32cubeide_1.5.0/stm32cubeide/plugins/com.st.stm32cube.ide.mcu.externaltools.gnu-tools-for-stm32.7-2018-q2-update.win32_1.5.0.202011040924/tools/bin/../lib/gcc/arm-none-eabi/7.3.1/../../../../arm-none-eabi/lib/thumb/v7e-m/fpv4-sp/hard\libc_nano.a(lib_a-memchr.o)
                0x00000000080001e0                memchr
 *(.text*)
 .text.main     0x0000000008000280       0x7c Core/Src/main.o
                0x0000000008000280                main
 .text.SystemClock_Config
                0x00000000080002fc      0x104 Core/Src/main.o
                0x00000000080002fc                SystemClock_Config
 .text.MX_GPIO_Init
                0x0000000008000400       0x98 Core/Src/main.o
 .text.Error_Handler
                0x0000000008000498        0x8 Core/Src/main.o
                0x0000000008000498                Error_Handler
 .text.HAL_MspInit
                0x00000000080004a0       0x48 Core/Src/stm32l4xx_hal_msp.o
                0x00000000080004a0                HAL_MspInit
 .text.NMI_Handler
                0x00000000080004e8        0x6 Core/Src/stm32l4xx_it.o
                0x00000000080004e8                NMI_Handler
 .text.HardFault_Handler
                0x00000000080004ee        0x6 Core/Src/stm32l4xx_it.o
                0x00000000080004ee                HardFault_Handler
 .text.MemManage_Handler
                0x00000000080004f4        0x6 Core/Src/stm32l4xx_it.o
                0x00000000080004f4                MemManage_Handler
 .text.BusFault_Handler
                0x00000000080004fa        0x6 Core/Src/stm32l4xx_it.o
                0x00000000080004fa                BusFault_Handler
 .text.UsageFault_Handler
                0x0000000008000500        0x6 Core/Src/stm32l4xx_it.o
                0x0000000008000500                UsageFault_Handler
 .text.SVC_Handler
                0x0000000008000506        0xe Core/Src/stm32l4xx_it.o
                0x0000000008000506                SVC_Handler
 .text.DebugMon_Handler
                0x0000000008000514        0xe Core/Src/stm32l4xx_it.o
                0x0000000008000514                DebugMon_Handler
 .text.PendSV_Handler
                0x0000000008000522        0xe Core/Src/stm32l4xx_it.o
                0x0000000008000522                PendSV_Handler
 .text.SysTick_Handler
                0x0000000008000530        0xc Core/Src/stm32l4xx_it.o
                0x0000000008000530                SysTick_Handler
 .text.USB_IRQHandler
                0x000000000800053c       0x14 Core/Src/stm32l4xx_it.o
                0x000000000800053c                USB_IRQHandler
 .text._sbrk    0x0000000008000550       0x6c Core/Src/sysmem.o
                0x0000000008000550                _sbrk
 .text.SystemInit
                0x00000000080005bc       0x6c Core/Src/system_stm32l4xx.o
                0x00000000080005bc                SystemInit
 .text.Reset_Handler
                0x0000000008000628       0x50 Core/Startup/startup_stm32l432kbux.o
                0x0000000008000628                Reset_Handler
 .text.Default_Handler
                0x0000000008000678        0x2 Core/Startup/startup_stm32l432kbux.o
                0x0000000008000678                RTC_Alarm_IRQHandler
                0x0000000008000678                EXTI2_IRQHandler
                0x0000000008000678                TIM1_CC_IRQHandler
                0x0000000008000678                TSC_IRQHandler
                0x0000000008000678                TAMP_STAMP_IRQHandler
                0x0000000008000678                EXTI3_IRQHandler
                0x0000000008000678                LPTIM2_IRQHandler
                0x0000000008000678                I2C3_ER_IRQHandler
                0x0000000008000678                EXTI0_IRQHandler
                0x0000000008000678                CAN1_RX0_IRQHandler
                0x0000000008000678                FPU_IRQHandler
                0x0000000008000678                TIM1_UP_TIM16_IRQHandler
                0x0000000008000678                SPI1_IRQHandler
                0x0000000008000678                TIM6_DAC_IRQHandler
                0x0000000008000678                DMA2_Channel2_IRQHandler
                0x0000000008000678                DMA1_Channel4_IRQHandler
                0x0000000008000678                ADC1_IRQHandler
                0x0000000008000678                DMA1_Channel7_IRQHandler
                0x0000000008000678                CAN1_RX1_IRQHandler
                0x0000000008000678                DMA2_Channel1_IRQHandler
                0x0000000008000678                QUADSPI_IRQHandler
                0x0000000008000678                I2C1_EV_IRQHandler
                0x0000000008000678                DMA1_Channel6_IRQHandler
                0x0000000008000678                DMA2_Channel4_IRQHandler
                0x0000000008000678                RCC_IRQHandler
                0x0000000008000678                TIM1_TRG_COM_IRQHandler
                0x0000000008000678                DMA1_Channel1_IRQHandler
                0x0000000008000678                Default_Handler
                0x0000000008000678                DMA2_Channel7_IRQHandler
                0x0000000008000678                EXTI15_10_IRQHandler
                0x0000000008000678                TIM7_IRQHandler
                0x0000000008000678                I2C3_EV_IRQHandler
                0x0000000008000678                EXTI9_5_IRQHandler
                0x0000000008000678                RTC_WKUP_IRQHandler
                0x0000000008000678                PVD_PVM_IRQHandler
                0x0000000008000678                CAN1_TX_IRQHandler
                0x0000000008000678                DMA2_Channel5_IRQHandler
                0x0000000008000678                CRS_IRQHandler
                0x0000000008000678                DMA1_Channel5_IRQHandler
                0x0000000008000678                EXTI4_IRQHandler
                0x0000000008000678                RNG_IRQHandler
                0x0000000008000678                DMA1_Channel3_IRQHandler
                0x0000000008000678                COMP_IRQHandler
                0x0000000008000678                WWDG_IRQHandler
                0x0000000008000678                LPUART1_IRQHandler
                0x0000000008000678                DMA2_Channel6_IRQHandler
                0x0000000008000678                TIM2_IRQHandler
                0x0000000008000678                EXTI1_IRQHandler
                0x0000000008000678                USART2_IRQHandler
                0x0000000008000678                DMA1_Channel2_IRQHandler
                0x0000000008000678                CAN1_SCE_IRQHandler
                0x0000000008000678                FLASH_IRQHandler
                0x0000000008000678                USART1_IRQHandler
                0x0000000008000678                SPI3_IRQHandler
                0x0000000008000678                I2C1_ER_IRQHandler
                0x0000000008000678                SWPMI1_IRQHandler
                0x0000000008000678                LPTIM1_IRQHandler
                0x0000000008000678                SAI1_IRQHandler
                0x0000000008000678                DMA2_Channel3_IRQHandler
                0x0000000008000678                TIM1_BRK_TIM15_IRQHandler
 .text.HAL_Init
                0x000000000800067a       0x30 Drivers/STM32L4xx_HAL_Driver/Src/stm32l4xx_hal.o
                0x000000000800067a                HAL_Init
 *fill*         0x00000000080006aa        0x2 
 .text.HAL_InitTick
                0x00000000080006ac       0x78 Drivers/STM32L4xx_HAL_Driver/Src/stm32l4xx_hal.o
                0x00000000080006ac                HAL_InitTick
 .text.HAL_IncTick
                0x0000000008000724       0x28 Drivers/STM32L4xx_HAL_Driver/Src/stm32l4xx_hal.o
                0x0000000008000724                HAL_IncTick
 .text.HAL_GetTick
                0x000000000800074c       0x18 Drivers/STM32L4xx_HAL_Driver/Src/stm32l4xx_hal.o
                0x000000000800074c                HAL_GetTick
 .text.HAL_Delay
                0x0000000008000764       0x44 Drivers/STM32L4xx_HAL_Driver/Src/stm32l4xx_hal.o
                0x0000000008000764                HAL_Delay
 .text.__NVIC_SetPriorityGrouping
                0x00000000080007a8       0x48 Drivers/STM32L4xx_HAL_Driver/Src/stm32l4xx_hal_cortex.o
 .text.__NVIC_GetPriorityGrouping
                0x00000000080007f0       0x1c Drivers/STM32L4xx_HAL_Driver/Src/stm32l4xx_hal_cortex.o
 .text.__NVIC_EnableIRQ
                0x000000000800080c       0x3c Drivers/STM32L4xx_HAL_Driver/Src/stm32l4xx_hal_cortex.o
 .text.__NVIC_SetPriority
                0x0000000008000848       0x54 Drivers/STM32L4xx_HAL_Driver/Src/stm32l4xx_hal_cortex.o
 .text.NVIC_EncodePriority
                0x000000000800089c       0x66 Drivers/STM32L4xx_HAL_Driver/Src/stm32l4xx_hal_cortex.o
 *fill*         0x0000000008000902        0x2 
 .text.SysTick_Config
                0x0000000008000904       0x44 Drivers/STM32L4xx_HAL_Driver/Src/stm32l4xx_hal_cortex.o
 .text.HAL_NVIC_SetPriorityGrouping
                0x0000000008000948       0x16 Drivers/STM32L4xx_HAL_Driver/Src/stm32l4xx_hal_cortex.o
                0x0000000008000948                HAL_NVIC_SetPriorityGrouping
 .text.HAL_NVIC_SetPriority
                0x000000000800095e       0x38 Drivers/STM32L4xx_HAL_Driver/Src/stm32l4xx_hal_cortex.o
                0x000000000800095e                HAL_NVIC_SetPriority
 .text.HAL_NVIC_EnableIRQ
                0x0000000008000996       0x1c Drivers/STM32L4xx_HAL_Driver/Src/stm32l4xx_hal_cortex.o
                0x0000000008000996                HAL_NVIC_EnableIRQ
 .text.HAL_SYSTICK_Config
                0x00000000080009b2       0x18 Drivers/STM32L4xx_HAL_Driver/Src/stm32l4xx_hal_cortex.o
                0x00000000080009b2                HAL_SYSTICK_Config
 *fill*         0x00000000080009ca        0x2 
 .text.HAL_GPIO_Init
                0x00000000080009cc      0x2d4 Drivers/STM32L4xx_HAL_Driver/Src/stm32l4xx_hal_gpio.o
                0x00000000080009cc                HAL_GPIO_Init
 .text.HAL_GPIO_WritePin
                0x0000000008000ca0       0x30 Drivers/STM32L4xx_HAL_Driver/Src/stm32l4xx_hal_gpio.o
                0x0000000008000ca0                HAL_GPIO_WritePin
 .text.HAL_PCD_Init
                0x0000000008000cd0      0x224 Drivers/STM32L4xx_HAL_Driver/Src/stm32l4xx_hal_pcd.o
                0x0000000008000cd0                HAL_PCD_Init
 .text.HAL_PCD_Start
                0x0000000008000ef4       0x44 Drivers/STM32L4xx_HAL_Driver/Src/stm32l4xx_hal_pcd.o
                0x0000000008000ef4                HAL_PCD_Start
 .text.HAL_PCD_IRQHandler
                0x0000000008000f38      0x29c Drivers/STM32L4xx_HAL_Driver/Src/stm32l4xx_hal_pcd.o
                0x0000000008000f38                HAL_PCD_IRQHandler
 .text.HAL_PCD_SetAddress
                0x00000000080011d4       0x4a Drivers/STM32L4xx_HAL_Driver/Src/stm32l4xx_hal_pcd.o
                0x00000000080011d4                HAL_PCD_SetAddress
 .text.HAL_PCD_EP_Open
                0x000000000800121e       0xcc Drivers/STM32L4xx_HAL_Driver/Src/stm32l4xx_hal_pcd.o
                0x000000000800121e                HAL_PCD_EP_Open
 .text.HAL_PCD_EP_Close
                0x00000000080012ea       0x90 Drivers/STM32L4xx_HAL_Driver/Src/stm32l4xx_hal_pcd.o
                0x00000000080012ea                HAL_PCD_EP_Close
 .text.HAL_PCD_EP_Receive
                0x000000000800137a       0x7a Drivers/STM32L4xx_HAL_Driver/Src/stm32l4xx_hal_pcd.o
                0x000000000800137a                HAL_PCD_EP_Receive
 .text.HAL_PCD_EP_GetRxCount
                0x00000000080013f4       0x30 Drivers/STM32L4xx_HAL_Driver/Src/stm32l4xx_hal_pcd.o
                0x00000000080013f4                HAL_PCD_EP_GetRxCount
 .text.HAL_PCD_EP_Transmit
                0x0000000008001424       0x86 Drivers/STM32L4xx_HAL_Driver/Src/stm32l4xx_hal_pcd.o
                0x0000000008001424                HAL_PCD_EP_Transmit
 .text.HAL_PCD_EP_SetStall
                0x00000000080014aa       0xc0 Drivers/STM32L4xx_HAL_Driver/Src/stm32l4xx_hal_pcd.o
                0x00000000080014aa                HAL_PCD_EP_SetStall
 .text.HAL_PCD_EP_ClrStall
                0x000000000800156a       0xa8 Drivers/STM32L4xx_HAL_Driver/Src/stm32l4xx_hal_pcd.o
                0x000000000800156a                HAL_PCD_EP_ClrStall
 .text.PCD_EP_ISR_Handler
                0x0000000008001612      0x5ca Drivers/STM32L4xx_HAL_Driver/Src/stm32l4xx_hal_pcd.o
 .text.HAL_PCD_EP_DB_Receive
                0x0000000008001bdc      0x212 Drivers/STM32L4xx_HAL_Driver/Src/stm32l4xx_hal_pcd.o
 .text.HAL_PCD_EP_DB_Transmit
                0x0000000008001dee      0x532 Drivers/STM32L4xx_HAL_Driver/Src/stm32l4xx_hal_pcd.o
 .text.HAL_PCDEx_PMAConfig
                0x0000000008002320       0x86 Drivers/STM32L4xx_HAL_Driver/Src/stm32l4xx_hal_pcd_ex.o
                0x0000000008002320                HAL_PCDEx_PMAConfig
 .text.HAL_PCDEx_ActivateLPM
                0x00000000080023a6       0x54 Drivers/STM32L4xx_HAL_Driver/Src/stm32l4xx_hal_pcd_ex.o
                0x00000000080023a6                HAL_PCDEx_ActivateLPM
 *fill*         0x00000000080023fa        0x2 
 .text.HAL_PWREx_GetVoltageRange
                0x00000000080023fc       0x1c Drivers/STM32L4xx_HAL_Driver/Src/stm32l4xx_hal_pwr_ex.o
                0x00000000080023fc                HAL_PWREx_GetVoltageRange
 .text.HAL_PWREx_ControlVoltageScaling
                0x0000000008002418       0xac Drivers/STM32L4xx_HAL_Driver/Src/stm32l4xx_hal_pwr_ex.o
                0x0000000008002418                HAL_PWREx_ControlVoltageScaling
 .text.HAL_PWREx_EnableVddUSB
                0x00000000080024c4       0x20 Drivers/STM32L4xx_HAL_Driver/Src/stm32l4xx_hal_pwr_ex.o
                0x00000000080024c4                HAL_PWREx_EnableVddUSB
 .text.HAL_RCC_OscConfig
                0x00000000080024e4      0x840 Drivers/STM32L4xx_HAL_Driver/Src/stm32l4xx_hal_rcc.o
                0x00000000080024e4                HAL_RCC_OscConfig
 .text.HAL_RCC_ClockConfig
                0x0000000008002d24      0x1c4 Drivers/STM32L4xx_HAL_Driver/Src/stm32l4xx_hal_rcc.o
                0x0000000008002d24                HAL_RCC_ClockConfig
 .text.HAL_RCC_GetSysClockFreq
                0x0000000008002ee8      0x114 Drivers/STM32L4xx_HAL_Driver/Src/stm32l4xx_hal_rcc.o
                0x0000000008002ee8                HAL_RCC_GetSysClockFreq
 .text.RCC_SetFlashLatencyFromMSIRange
                0x0000000008002ffc       0xc0 Drivers/STM32L4xx_HAL_Driver/Src/stm32l4xx_hal_rcc.o
 .text.HAL_RCCEx_PeriphCLKConfig
                0x00000000080030bc      0x3e4 Drivers/STM32L4xx_HAL_Driver/Src/stm32l4xx_hal_rcc_ex.o
                0x00000000080030bc                HAL_RCCEx_PeriphCLKConfig
 .text.RCCEx_PLLSAI1_Config
                0x00000000080034a0      0x1e0 Drivers/STM32L4xx_HAL_Driver/Src/stm32l4xx_hal_rcc_ex.o
 .text.USB_CoreInit
                0x0000000008003680       0x22 Drivers/STM32L4xx_HAL_Driver/Src/stm32l4xx_ll_usb.o
                0x0000000008003680                USB_CoreInit
 .text.USB_EnableGlobalInt
                0x00000000080036a2       0x2e Drivers/STM32L4xx_HAL_Driver/Src/stm32l4xx_ll_usb.o
                0x00000000080036a2                USB_EnableGlobalInt
 .text.USB_DisableGlobalInt
                0x00000000080036d0       0x36 Drivers/STM32L4xx_HAL_Driver/Src/stm32l4xx_ll_usb.o
                0x00000000080036d0                USB_DisableGlobalInt
 .text.USB_SetCurrentMode
                0x0000000008003706       0x1a Drivers/STM32L4xx_HAL_Driver/Src/stm32l4xx_ll_usb.o
                0x0000000008003706                USB_SetCurrentMode
 .text.USB_DevInit
                0x0000000008003720       0x42 Drivers/STM32L4xx_HAL_Driver/Src/stm32l4xx_ll_usb.o
                0x0000000008003720                USB_DevInit
 *fill*         0x0000000008003762        0x2 
 .text.USB_ActivateEndpoint
                0x0000000008003764      0x6dc Drivers/STM32L4xx_HAL_Driver/Src/stm32l4xx_ll_usb.o
                0x0000000008003764                USB_ActivateEndpoint
 .text.USB_DeactivateEndpoint
                0x0000000008003e40      0x3da Drivers/STM32L4xx_HAL_Driver/Src/stm32l4xx_ll_usb.o
                0x0000000008003e40                USB_DeactivateEndpoint
 .text.USB_EPStartXfer
                0x000000000800421a     0x125e Drivers/STM32L4xx_HAL_Driver/Src/stm32l4xx_ll_usb.o
                0x000000000800421a                USB_EPStartXfer
 .text.USB_EPSetStall
                0x0000000008005478       0xa2 Drivers/STM32L4xx_HAL_Driver/Src/stm32l4xx_ll_usb.o
                0x0000000008005478                USB_EPSetStall
 .text.USB_EPClearStall
                0x000000000800551a      0x15c Drivers/STM32L4xx_HAL_Driver/Src/stm32l4xx_ll_usb.o
                0x000000000800551a                USB_EPClearStall
 .text.USB_SetDevAddress
                0x0000000008005676       0x28 Drivers/STM32L4xx_HAL_Driver/Src/stm32l4xx_ll_usb.o
                0x0000000008005676                USB_SetDevAddress
 .text.USB_DevConnect
                0x000000000800569e       0x2e Drivers/STM32L4xx_HAL_Driver/Src/stm32l4xx_ll_usb.o
                0x000000000800569e                USB_DevConnect
 .text.USB_DevDisconnect
                0x00000000080056cc       0x2a Drivers/STM32L4xx_HAL_Driver/Src/stm32l4xx_ll_usb.o
                0x00000000080056cc                USB_DevDisconnect
 .text.USB_ReadInterrupts
                0x00000000080056f6       0x20 Drivers/STM32L4xx_HAL_Driver/Src/stm32l4xx_ll_usb.o
                0x00000000080056f6                USB_ReadInterrupts
 .text.USB_EP0_OutStart
                0x0000000008005716       0x18 Drivers/STM32L4xx_HAL_Driver/Src/stm32l4xx_ll_usb.o
                0x0000000008005716                USB_EP0_OutStart
 .text.USB_WritePMA
                0x000000000800572e       0x82 Drivers/STM32L4xx_HAL_Driver/Src/stm32l4xx_ll_usb.o
                0x000000000800572e                USB_WritePMA
 .text.USB_ReadPMA
                0x00000000080057b0       0x98 Drivers/STM32L4xx_HAL_Driver/Src/stm32l4xx_ll_usb.o
                0x00000000080057b0                USB_ReadPMA
 .text.USBD_CDC_Init
                0x0000000008005848      0x100 Middlewares/ST/STM32_USB_Device_Library/Class/CDC/Src/usbd_cdc.o
 .text.USBD_CDC_DeInit
                0x0000000008005948       0x74 Middlewares/ST/STM32_USB_Device_Library/Class/CDC/Src/usbd_cdc.o
 .text.USBD_CDC_Setup
                0x00000000080059bc      0x178 Middlewares/ST/STM32_USB_Device_Library/Class/CDC/Src/usbd_cdc.o
 .text.USBD_CDC_DataIn
                0x0000000008005b34       0xca Middlewares/ST/STM32_USB_Device_Library/Class/CDC/Src/usbd_cdc.o
 .text.USBD_CDC_DataOut
                0x0000000008005bfe       0x56 Middlewares/ST/STM32_USB_Device_Library/Class/CDC/Src/usbd_cdc.o
 .text.USBD_CDC_EP0_RxReady
                0x0000000008005c54       0x50 Middlewares/ST/STM32_USB_Device_Library/Class/CDC/Src/usbd_cdc.o
 .text.USBD_CDC_GetFSCfgDesc
                0x0000000008005ca4       0x20 Middlewares/ST/STM32_USB_Device_Library/Class/CDC/Src/usbd_cdc.o
 .text.USBD_CDC_GetHSCfgDesc
                0x0000000008005cc4       0x20 Middlewares/ST/STM32_USB_Device_Library/Class/CDC/Src/usbd_cdc.o
 .text.USBD_CDC_GetOtherSpeedCfgDesc
                0x0000000008005ce4       0x20 Middlewares/ST/STM32_USB_Device_Library/Class/CDC/Src/usbd_cdc.o
 .text.USBD_CDC_GetDeviceQualifierDescriptor
                0x0000000008005d04       0x20 Middlewares/ST/STM32_USB_Device_Library/Class/CDC/Src/usbd_cdc.o
                0x0000000008005d04                USBD_CDC_GetDeviceQualifierDescriptor
 .text.USBD_CDC_RegisterInterface
                0x0000000008005d24       0x2a Middlewares/ST/STM32_USB_Device_Library/Class/CDC/Src/usbd_cdc.o
                0x0000000008005d24                USBD_CDC_RegisterInterface
 .text.USBD_CDC_SetTxBuffer
                0x0000000008005d4e       0x32 Middlewares/ST/STM32_USB_Device_Library/Class/CDC/Src/usbd_cdc.o
                0x0000000008005d4e                USBD_CDC_SetTxBuffer
 .text.USBD_CDC_SetRxBuffer
                0x0000000008005d80       0x28 Middlewares/ST/STM32_USB_Device_Library/Class/CDC/Src/usbd_cdc.o
                0x0000000008005d80                USBD_CDC_SetRxBuffer
 .text.USBD_CDC_TransmitPacket
                0x0000000008005da8       0x60 Middlewares/ST/STM32_USB_Device_Library/Class/CDC/Src/usbd_cdc.o
                0x0000000008005da8                USBD_CDC_TransmitPacket
 .text.USBD_CDC_ReceivePacket
                0x0000000008005e08       0x54 Middlewares/ST/STM32_USB_Device_Library/Class/CDC/Src/usbd_cdc.o
                0x0000000008005e08                USBD_CDC_ReceivePacket
 .text.USBD_Init
                0x0000000008005e5c       0x60 Middlewares/ST/STM32_USB_Device_Library/Core/Src/usbd_core.o
                0x0000000008005e5c                USBD_Init
 .text.USBD_RegisterClass
                0x0000000008005ebc       0x4e Middlewares/ST/STM32_USB_Device_Library/Core/Src/usbd_core.o
                0x0000000008005ebc                USBD_RegisterClass
 .text.USBD_Start
                0x0000000008005f0a       0x18 Middlewares/ST/STM32_USB_Device_Library/Core/Src/usbd_core.o
                0x0000000008005f0a                USBD_Start
 .text.USBD_RunTestMode
                0x0000000008005f22       0x16 Middlewares/ST/STM32_USB_Device_Library/Core/Src/usbd_core.o
                0x0000000008005f22                USBD_RunTestMode
 .text.USBD_SetClassConfig
                0x0000000008005f38       0x38 Middlewares/ST/STM32_USB_Device_Library/Core/Src/usbd_core.o
                0x0000000008005f38                USBD_SetClassConfig
 .text.USBD_ClrClassConfig
                0x0000000008005f70       0x30 Middlewares/ST/STM32_USB_Device_Library/Core/Src/usbd_core.o
                0x0000000008005f70                USBD_ClrClassConfig
 .text.USBD_LL_SetupStage
                0x0000000008005fa0       0xa6 Middlewares/ST/STM32_USB_Device_Library/Core/Src/usbd_core.o
                0x0000000008005fa0                USBD_LL_SetupStage
 .text.USBD_LL_DataOutStage
                0x0000000008006046       0xc6 Middlewares/ST/STM32_USB_Device_Library/Core/Src/usbd_core.o
                0x0000000008006046                USBD_LL_DataOutStage
 .text.USBD_LL_DataInStage
                0x000000000800610c      0x12c Middlewares/ST/STM32_USB_Device_Library/Core/Src/usbd_core.o
                0x000000000800610c                USBD_LL_DataInStage
 .text.USBD_LL_Reset
                0x0000000008006238       0x82 Middlewares/ST/STM32_USB_Device_Library/Core/Src/usbd_core.o
                0x0000000008006238                USBD_LL_Reset
 .text.USBD_LL_SetSpeed
                0x00000000080062ba       0x20 Middlewares/ST/STM32_USB_Device_Library/Core/Src/usbd_core.o
                0x00000000080062ba                USBD_LL_SetSpeed
 .text.USBD_LL_Suspend
                0x00000000080062da       0x2a Middlewares/ST/STM32_USB_Device_Library/Core/Src/usbd_core.o
                0x00000000080062da                USBD_LL_Suspend
 .text.USBD_LL_Resume
                0x0000000008006304       0x2c Middlewares/ST/STM32_USB_Device_Library/Core/Src/usbd_core.o
                0x0000000008006304                USBD_LL_Resume
 .text.USBD_LL_SOF
                0x0000000008006330       0x34 Middlewares/ST/STM32_USB_Device_Library/Core/Src/usbd_core.o
                0x0000000008006330                USBD_LL_SOF
 .text.SWAPBYTE
                0x0000000008006364       0x3c Middlewares/ST/STM32_USB_Device_Library/Core/Src/usbd_ctlreq.o
 .text.USBD_StdDevReq
                0x00000000080063a0       0xdc Middlewares/ST/STM32_USB_Device_Library/Core/Src/usbd_ctlreq.o
                0x00000000080063a0                USBD_StdDevReq
 .text.USBD_StdItfReq
                0x000000000800647c       0x8c Middlewares/ST/STM32_USB_Device_Library/Core/Src/usbd_ctlreq.o
                0x000000000800647c                USBD_StdItfReq
 .text.USBD_StdEPReq
                0x0000000008006508      0x2ae Middlewares/ST/STM32_USB_Device_Library/Core/Src/usbd_ctlreq.o
                0x0000000008006508                USBD_StdEPReq
 *fill*         0x00000000080067b6        0x2 
 .text.USBD_GetDescriptor
                0x00000000080067b8      0x328 Middlewares/ST/STM32_USB_Device_Library/Core/Src/usbd_ctlreq.o
 .text.USBD_SetAddress
                0x0000000008006ae0       0x84 Middlewares/ST/STM32_USB_Device_Library/Core/Src/usbd_ctlreq.o
 .text.USBD_SetConfig
                0x0000000008006b64      0x148 Middlewares/ST/STM32_USB_Device_Library/Core/Src/usbd_ctlreq.o
 .text.USBD_GetConfig
                0x0000000008006cac       0x68 Middlewares/ST/STM32_USB_Device_Library/Core/Src/usbd_ctlreq.o
 .text.USBD_GetStatus
                0x0000000008006d14       0x66 Middlewares/ST/STM32_USB_Device_Library/Core/Src/usbd_ctlreq.o
 .text.USBD_SetFeature
                0x0000000008006d7a       0x28 Middlewares/ST/STM32_USB_Device_Library/Core/Src/usbd_ctlreq.o
 .text.USBD_ClrFeature
                0x0000000008006da2       0x42 Middlewares/ST/STM32_USB_Device_Library/Core/Src/usbd_ctlreq.o
 .text.USBD_ParseSetupRequest
                0x0000000008006de4       0x74 Middlewares/ST/STM32_USB_Device_Library/Core/Src/usbd_ctlreq.o
                0x0000000008006de4                USBD_ParseSetupRequest
 .text.USBD_CtlError
                0x0000000008006e58       0x22 Middlewares/ST/STM32_USB_Device_Library/Core/Src/usbd_ctlreq.o
                0x0000000008006e58                USBD_CtlError
 .text.USBD_GetString
                0x0000000008006e7a       0x8c Middlewares/ST/STM32_USB_Device_Library/Core/Src/usbd_ctlreq.o
                0x0000000008006e7a                USBD_GetString
 .text.USBD_GetLen
                0x0000000008006f06       0x34 Middlewares/ST/STM32_USB_Device_Library/Core/Src/usbd_ctlreq.o
 .text.USBD_CtlSendData
                0x0000000008006f3a       0x36 Middlewares/ST/STM32_USB_Device_Library/Core/Src/usbd_ioreq.o
                0x0000000008006f3a                USBD_CtlSendData
 .text.USBD_CtlContinueSendData
                0x0000000008006f70       0x22 Middlewares/ST/STM32_USB_Device_Library/Core/Src/usbd_ioreq.o
                0x0000000008006f70                USBD_CtlContinueSendData
 .text.USBD_CtlPrepareRx
                0x0000000008006f92       0x3a Middlewares/ST/STM32_USB_Device_Library/Core/Src/usbd_ioreq.o
                0x0000000008006f92                USBD_CtlPrepareRx
 .text.USBD_CtlContinueRx
                0x0000000008006fcc       0x22 Middlewares/ST/STM32_USB_Device_Library/Core/Src/usbd_ioreq.o
                0x0000000008006fcc                USBD_CtlContinueRx
 .text.USBD_CtlSendStatus
                0x0000000008006fee       0x26 Middlewares/ST/STM32_USB_Device_Library/Core/Src/usbd_ioreq.o
                0x0000000008006fee                USBD_CtlSendStatus
 .text.USBD_CtlReceiveStatus
                0x0000000008007014       0x26 Middlewares/ST/STM32_USB_Device_Library/Core/Src/usbd_ioreq.o
                0x0000000008007014                USBD_CtlReceiveStatus
 *fill*         0x000000000800703a        0x2 
 .text.MX_USB_DEVICE_Init
                0x000000000800703c       0x60 USB_DEVICE/App/usb_device.o
                0x000000000800703c                MX_USB_DEVICE_Init
 .text.CDC_Init_FS
                0x000000000800709c       0x28 USB_DEVICE/App/usbd_cdc_if.o
 .text.CDC_DeInit_FS
                0x00000000080070c4       0x10 USB_DEVICE/App/usbd_cdc_if.o
 .text.CDC_Control_FS
                0x00000000080070d4       0xbc USB_DEVICE/App/usbd_cdc_if.o
 .text.CDC_Receive_FS
                0x0000000008007190       0x28 USB_DEVICE/App/usbd_cdc_if.o
 .text.CDC_Transmit_FS
                0x00000000080071b8       0x4c USB_DEVICE/App/usbd_cdc_if.o
                0x00000000080071b8                CDC_Transmit_FS
 .text.CDC_TransmitCplt_FS
                0x0000000008007204       0x22 USB_DEVICE/App/usbd_cdc_if.o
 *fill*         0x0000000008007226        0x2 
 .text.USBD_FS_DeviceDescriptor
                0x0000000008007228       0x24 USB_DEVICE/App/usbd_desc.o
                0x0000000008007228                USBD_FS_DeviceDescriptor
 .text.USBD_FS_LangIDStrDescriptor
                0x000000000800724c       0x24 USB_DEVICE/App/usbd_desc.o
                0x000000000800724c                USBD_FS_LangIDStrDescriptor
 .text.USBD_FS_ProductStrDescriptor
                0x0000000008007270       0x3c USB_DEVICE/App/usbd_desc.o
                0x0000000008007270                USBD_FS_ProductStrDescriptor
 .text.USBD_FS_ManufacturerStrDescriptor
                0x00000000080072ac       0x28 USB_DEVICE/App/usbd_desc.o
                0x00000000080072ac                USBD_FS_ManufacturerStrDescriptor
 .text.USBD_FS_SerialStrDescriptor
                0x00000000080072d4       0x24 USB_DEVICE/App/usbd_desc.o
                0x00000000080072d4                USBD_FS_SerialStrDescriptor
 .text.USBD_FS_ConfigStrDescriptor
                0x00000000080072f8       0x3c USB_DEVICE/App/usbd_desc.o
                0x00000000080072f8                USBD_FS_ConfigStrDescriptor
 .text.USBD_FS_InterfaceStrDescriptor
                0x0000000008007334       0x3c USB_DEVICE/App/usbd_desc.o
                0x0000000008007334                USBD_FS_InterfaceStrDescriptor
 .text.USBD_FS_USR_BOSDescriptor
                0x0000000008007370       0x24 USB_DEVICE/App/usbd_desc.o
                0x0000000008007370                USBD_FS_USR_BOSDescriptor
 .text.Get_SerialNum
                0x0000000008007394       0x58 USB_DEVICE/App/usbd_desc.o
 .text.IntToUnicode
                0x00000000080073ec       0x7c USB_DEVICE/App/usbd_desc.o
 .text.HAL_PCD_MspInit
                0x0000000008007468       0x4c USB_DEVICE/Target/usbd_conf.o
                0x0000000008007468                HAL_PCD_MspInit
 .text.HAL_PCD_SetupStageCallback
                0x00000000080074b4       0x24 USB_DEVICE/Target/usbd_conf.o
                0x00000000080074b4                HAL_PCD_SetupStageCallback
 .text.HAL_PCD_DataOutStageCallback
                0x00000000080074d8       0x36 USB_DEVICE/Target/usbd_conf.o
                0x00000000080074d8                HAL_PCD_DataOutStageCallback
 .text.HAL_PCD_DataInStageCallback
                0x000000000800750e       0x34 USB_DEVICE/Target/usbd_conf.o
                0x000000000800750e                HAL_PCD_DataInStageCallback
 .text.HAL_PCD_SOFCallback
                0x0000000008007542       0x1c USB_DEVICE/Target/usbd_conf.o
                0x0000000008007542                HAL_PCD_SOFCallback
 .text.HAL_PCD_ResetCallback
                0x000000000800755e       0x3c USB_DEVICE/Target/usbd_conf.o
                0x000000000800755e                HAL_PCD_ResetCallback
 *fill*         0x000000000800759a        0x2 
 .text.HAL_PCD_SuspendCallback
                0x000000000800759c       0x34 USB_DEVICE/Target/usbd_conf.o
                0x000000000800759c                HAL_PCD_SuspendCallback
 .text.HAL_PCD_ResumeCallback
                0x00000000080075d0       0x38 USB_DEVICE/Target/usbd_conf.o
                0x00000000080075d0                HAL_PCD_ResumeCallback
 .text.USBD_LL_Init
                0x0000000008007608       0xc4 USB_DEVICE/Target/usbd_conf.o
                0x0000000008007608                USBD_LL_Init
 .text.USBD_LL_Start
                0x00000000080076cc       0x64 USB_DEVICE/Target/usbd_conf.o
                0x00000000080076cc                USBD_LL_Start
 .text.USBD_LL_OpenEP
                0x0000000008007730       0x7c USB_DEVICE/Target/usbd_conf.o
                0x0000000008007730                USBD_LL_OpenEP
 .text.USBD_LL_CloseEP
                0x00000000080077ac       0x6c USB_DEVICE/Target/usbd_conf.o
                0x00000000080077ac                USBD_LL_CloseEP
 .text.USBD_LL_StallEP
                0x0000000008007818       0x6c USB_DEVICE/Target/usbd_conf.o
                0x0000000008007818                USBD_LL_StallEP
 .text.USBD_LL_ClearStallEP
                0x0000000008007884       0x6c USB_DEVICE/Target/usbd_conf.o
                0x0000000008007884                USBD_LL_ClearStallEP
 .text.USBD_LL_IsStallEP
                0x00000000080078f0       0x5a USB_DEVICE/Target/usbd_conf.o
                0x00000000080078f0                USBD_LL_IsStallEP
 *fill*         0x000000000800794a        0x2 
 .text.USBD_LL_SetUSBAddress
                0x000000000800794c       0x6c USB_DEVICE/Target/usbd_conf.o
                0x000000000800794c                USBD_LL_SetUSBAddress
 .text.USBD_LL_Transmit
                0x00000000080079b8       0x70 USB_DEVICE/Target/usbd_conf.o
                0x00000000080079b8                USBD_LL_Transmit
 .text.USBD_LL_PrepareReceive
                0x0000000008007a28       0x70 USB_DEVICE/Target/usbd_conf.o
                0x0000000008007a28                USBD_LL_PrepareReceive
 .text.USBD_LL_GetRxDataSize
                0x0000000008007a98       0x26 USB_DEVICE/Target/usbd_conf.o
                0x0000000008007a98                USBD_LL_GetRxDataSize
 *fill*         0x0000000008007abe        0x2 
 .text.HAL_PCDEx_LPM_Callback
                0x0000000008007ac0       0x6c USB_DEVICE/Target/usbd_conf.o
                0x0000000008007ac0                HAL_PCDEx_LPM_Callback
 .text.SystemClockConfig_Resume
                0x0000000008007b2c        0xc USB_DEVICE/Target/usbd_conf.o
 .text.__errno  0x0000000008007b38        0xc c:/st/stm32cubeide_1.5.0/stm32cubeide/plugins/com.st.stm32cube.ide.mcu.externaltools.gnu-tools-for-stm32.7-2018-q2-update.win32_1.5.0.202011040924/tools/bin/../lib/gcc/arm-none-eabi/7.3.1/../../../../arm-none-eabi/lib/thumb/v7e-m/fpv4-sp/hard\libc_nano.a(lib_a-errno.o)
                0x0000000008007b38                __errno
 .text.__libc_init_array
                0x0000000008007b44       0x48 c:/st/stm32cubeide_1.5.0/stm32cubeide/plugins/com.st.stm32cube.ide.mcu.externaltools.gnu-tools-for-stm32.7-2018-q2-update.win32_1.5.0.202011040924/tools/bin/../lib/gcc/arm-none-eabi/7.3.1/../../../../arm-none-eabi/lib/thumb/v7e-m/fpv4-sp/hard\libc_nano.a(lib_a-init.o)
                0x0000000008007b44                __libc_init_array
 .text.malloc   0x0000000008007b8c       0x10 c:/st/stm32cubeide_1.5.0/stm32cubeide/plugins/com.st.stm32cube.ide.mcu.externaltools.gnu-tools-for-stm32.7-2018-q2-update.win32_1.5.0.202011040924/tools/bin/../lib/gcc/arm-none-eabi/7.3.1/../../../../arm-none-eabi/lib/thumb/v7e-m/fpv4-sp/hard\libc_nano.a(lib_a-malloc.o)
                0x0000000008007b8c                malloc
 .text.free     0x0000000008007b9c       0x10 c:/st/stm32cubeide_1.5.0/stm32cubeide/plugins/com.st.stm32cube.ide.mcu.externaltools.gnu-tools-for-stm32.7-2018-q2-update.win32_1.5.0.202011040924/tools/bin/../lib/gcc/arm-none-eabi/7.3.1/../../../../arm-none-eabi/lib/thumb/v7e-m/fpv4-sp/hard\libc_nano.a(lib_a-malloc.o)
                0x0000000008007b9c                free
 .text.memset   0x0000000008007bac       0x10 c:/st/stm32cubeide_1.5.0/stm32cubeide/plugins/com.st.stm32cube.ide.mcu.externaltools.gnu-tools-for-stm32.7-2018-q2-update.win32_1.5.0.202011040924/tools/bin/../lib/gcc/arm-none-eabi/7.3.1/../../../../arm-none-eabi/lib/thumb/v7e-m/fpv4-sp/hard\libc_nano.a(lib_a-memset.o)
                0x0000000008007bac                memset
 .text._free_r  0x0000000008007bbc       0x9c c:/st/stm32cubeide_1.5.0/stm32cubeide/plugins/com.st.stm32cube.ide.mcu.externaltools.gnu-tools-for-stm32.7-2018-q2-update.win32_1.5.0.202011040924/tools/bin/../lib/gcc/arm-none-eabi/7.3.1/../../../../arm-none-eabi/lib/thumb/v7e-m/fpv4-sp/hard\libc_nano.a(lib_a-nano-freer.o)
                0x0000000008007bbc                _free_r
 .text._malloc_r
                0x0000000008007c58       0xb4 c:/st/stm32cubeide_1.5.0/stm32cubeide/plugins/com.st.stm32cube.ide.mcu.externaltools.gnu-tools-for-stm32.7-2018-q2-update.win32_1.5.0.202011040924/tools/bin/../lib/gcc/arm-none-eabi/7.3.1/../../../../arm-none-eabi/lib/thumb/v7e-m/fpv4-sp/hard\libc_nano.a(lib_a-nano-mallocr.o)
                0x0000000008007c58                _malloc_r
 .text._sbrk_r  0x0000000008007d0c       0x20 c:/st/stm32cubeide_1.5.0/stm32cubeide/plugins/com.st.stm32cube.ide.mcu.externaltools.gnu-tools-for-stm32.7-2018-q2-update.win32_1.5.0.202011040924/tools/bin/../lib/gcc/arm-none-eabi/7.3.1/../../../../arm-none-eabi/lib/thumb/v7e-m/fpv4-sp/hard\libc_nano.a(lib_a-sbrkr.o)
                0x0000000008007d0c                _sbrk_r
 .text.sprintf  0x0000000008007d2c       0x40 c:/st/stm32cubeide_1.5.0/stm32cubeide/plugins/com.st.stm32cube.ide.mcu.externaltools.gnu-tools-for-stm32.7-2018-q2-update.win32_1.5.0.202011040924/tools/bin/../lib/gcc/arm-none-eabi/7.3.1/../../../../arm-none-eabi/lib/thumb/v7e-m/fpv4-sp/hard\libc_nano.a(lib_a-sprintf.o)
                0x0000000008007d2c                siprintf
                0x0000000008007d2c                sprintf
 .text.__malloc_lock
                0x0000000008007d6c        0x2 c:/st/stm32cubeide_1.5.0/stm32cubeide/plugins/com.st.stm32cube.ide.mcu.externaltools.gnu-tools-for-stm32.7-2018-q2-update.win32_1.5.0.202011040924/tools/bin/../lib/gcc/arm-none-eabi/7.3.1/../../../../arm-none-eabi/lib/thumb/v7e-m/fpv4-sp/hard\libc_nano.a(lib_a-mlock.o)
                0x0000000008007d6c                __malloc_lock
 .text.__malloc_unlock
                0x0000000008007d6e        0x2 c:/st/stm32cubeide_1.5.0/stm32cubeide/plugins/com.st.stm32cube.ide.mcu.externaltools.gnu-tools-for-stm32.7-2018-q2-update.win32_1.5.0.202011040924/tools/bin/../lib/gcc/arm-none-eabi/7.3.1/../../../../arm-none-eabi/lib/thumb/v7e-m/fpv4-sp/hard\libc_nano.a(lib_a-mlock.o)
                0x0000000008007d6e                __malloc_unlock
 .text.__ssputs_r
                0x0000000008007d70       0xb4 c:/st/stm32cubeide_1.5.0/stm32cubeide/plugins/com.st.stm32cube.ide.mcu.externaltools.gnu-tools-for-stm32.7-2018-q2-update.win32_1.5.0.202011040924/tools/bin/../lib/gcc/arm-none-eabi/7.3.1/../../../../arm-none-eabi/lib/thumb/v7e-m/fpv4-sp/hard\libc_nano.a(lib_a-nano-svfprintf.o)
                0x0000000008007d70                __ssputs_r
 .text._svfprintf_r
                0x0000000008007e24      0x1f0 c:/st/stm32cubeide_1.5.0/stm32cubeide/plugins/com.st.stm32cube.ide.mcu.externaltools.gnu-tools-for-stm32.7-2018-q2-update.win32_1.5.0.202011040924/tools/bin/../lib/gcc/arm-none-eabi/7.3.1/../../../../arm-none-eabi/lib/thumb/v7e-m/fpv4-sp/hard\libc_nano.a(lib_a-nano-svfprintf.o)
                0x0000000008007e24                _svfiprintf_r
                0x0000000008007e24                _svfprintf_r
 .text._printf_common
                0x0000000008008014       0xea c:/st/stm32cubeide_1.5.0/stm32cubeide/plugins/com.st.stm32cube.ide.mcu.externaltools.gnu-tools-for-stm32.7-2018-q2-update.win32_1.5.0.202011040924/tools/bin/../lib/gcc/arm-none-eabi/7.3.1/../../../../arm-none-eabi/lib/thumb/v7e-m/fpv4-sp/hard\libc_nano.a(lib_a-nano-vfprintf_i.o)
                0x0000000008008014                _printf_common
 *fill*         0x00000000080080fe        0x2 
 .text._printf_i
                0x0000000008008100      0x224 c:/st/stm32cubeide_1.5.0/stm32cubeide/plugins/com.st.stm32cube.ide.mcu.externaltools.gnu-tools-for-stm32.7-2018-q2-update.win32_1.5.0.202011040924/tools/bin/../lib/gcc/arm-none-eabi/7.3.1/../../../../arm-none-eabi/lib/thumb/v7e-m/fpv4-sp/hard\libc_nano.a(lib_a-nano-vfprintf_i.o)
                0x0000000008008100                _printf_i
 .text.memcpy   0x0000000008008324       0x16 c:/st/stm32cubeide_1.5.0/stm32cubeide/plugins/com.st.stm32cube.ide.mcu.externaltools.gnu-tools-for-stm32.7-2018-q2-update.win32_1.5.0.202011040924/tools/bin/../lib/gcc/arm-none-eabi/7.3.1/../../../../arm-none-eabi/lib/thumb/v7e-m/fpv4-sp/hard\libc_nano.a(lib_a-memcpy-stub.o)
                0x0000000008008324                memcpy
 .text.memmove  0x000000000800833a       0x32 c:/st/stm32cubeide_1.5.0/stm32cubeide/plugins/com.st.stm32cube.ide.mcu.externaltools.gnu-tools-for-stm32.7-2018-q2-update.win32_1.5.0.202011040924/tools/bin/../lib/gcc/arm-none-eabi/7.3.1/../../../../arm-none-eabi/lib/thumb/v7e-m/fpv4-sp/hard\libc_nano.a(lib_a-memmove.o)
                0x000000000800833a                memmove
 .text._realloc_r
                0x000000000800836c       0x4c c:/st/stm32cubeide_1.5.0/stm32cubeide/plugins/com.st.stm32cube.ide.mcu.externaltools.gnu-tools-for-stm32.7-2018-q2-update.win32_1.5.0.202011040924/tools/bin/../lib/gcc/arm-none-eabi/7.3.1/../../../../arm-none-eabi/lib/thumb/v7e-m/fpv4-sp/hard\libc_nano.a(lib_a-nano-reallocr.o)
                0x000000000800836c                _realloc_r
 .text._malloc_usable_size_r
                0x00000000080083b8       0x10 c:/st/stm32cubeide_1.5.0/stm32cubeide/plugins/com.st.stm32cube.ide.mcu.externaltools.gnu-tools-for-stm32.7-2018-q2-update.win32_1.5.0.202011040924/tools/bin/../lib/gcc/arm-none-eabi/7.3.1/../../../../arm-none-eabi/lib/thumb/v7e-m/fpv4-sp/hard\libc_nano.a(lib_a-nano-msizer.o)
                0x00000000080083b8                _malloc_usable_size_r
 *(.glue_7)
 .glue_7        0x00000000080083c8        0x0 linker stubs
 *(.glue_7t)
 .glue_7t       0x00000000080083c8        0x0 linker stubs
 *(.eh_frame)
 .eh_frame      0x00000000080083c8        0x0 c:/st/stm32cubeide_1.5.0/stm32cubeide/plugins/com.st.stm32cube.ide.mcu.externaltools.gnu-tools-for-stm32.7-2018-q2-update.win32_1.5.0.202011040924/tools/bin/../lib/gcc/arm-none-eabi/7.3.1/thumb/v7e-m/fpv4-sp/hard/crtbegin.o
 *(.init)
 .init          0x00000000080083c8        0x4 c:/st/stm32cubeide_1.5.0/stm32cubeide/plugins/com.st.stm32cube.ide.mcu.externaltools.gnu-tools-for-stm32.7-2018-q2-update.win32_1.5.0.202011040924/tools/bin/../lib/gcc/arm-none-eabi/7.3.1/thumb/v7e-m/fpv4-sp/hard/crti.o
                0x00000000080083c8                _init
 .init          0x00000000080083cc        0x8 c:/st/stm32cubeide_1.5.0/stm32cubeide/plugins/com.st.stm32cube.ide.mcu.externaltools.gnu-tools-for-stm32.7-2018-q2-update.win32_1.5.0.202011040924/tools/bin/../lib/gcc/arm-none-eabi/7.3.1/thumb/v7e-m/fpv4-sp/hard/crtn.o
 *(.fini)
 .fini          0x00000000080083d4        0x4 c:/st/stm32cubeide_1.5.0/stm32cubeide/plugins/com.st.stm32cube.ide.mcu.externaltools.gnu-tools-for-stm32.7-2018-q2-update.win32_1.5.0.202011040924/tools/bin/../lib/gcc/arm-none-eabi/7.3.1/thumb/v7e-m/fpv4-sp/hard/crti.o
                0x00000000080083d4                _fini
 .fini          0x00000000080083d8        0x8 c:/st/stm32cubeide_1.5.0/stm32cubeide/plugins/com.st.stm32cube.ide.mcu.externaltools.gnu-tools-for-stm32.7-2018-q2-update.win32_1.5.0.202011040924/tools/bin/../lib/gcc/arm-none-eabi/7.3.1/thumb/v7e-m/fpv4-sp/hard/crtn.o
                0x00000000080083e0                . = ALIGN (0x4)
                0x00000000080083e0                _etext = .

.vfp11_veneer   0x00000000080083e0        0x0
 .vfp11_veneer  0x00000000080083e0        0x0 linker stubs

.v4_bx          0x00000000080083e0        0x0
 .v4_bx         0x00000000080083e0        0x0 linker stubs

.iplt           0x00000000080083e0        0x0
 .iplt          0x00000000080083e0        0x0 c:/st/stm32cubeide_1.5.0/stm32cubeide/plugins/com.st.stm32cube.ide.mcu.externaltools.gnu-tools-for-stm32.7-2018-q2-update.win32_1.5.0.202011040924/tools/bin/../lib/gcc/arm-none-eabi/7.3.1/thumb/v7e-m/fpv4-sp/hard/crtbegin.o

.rodata         0x00000000080083e0       0xc4
                0x00000000080083e0                . = ALIGN (0x4)
 *(.rodata)
 .rodata        0x00000000080083e0        0x5 Core/Src/main.o
 *fill*         0x00000000080083e5        0x3 
 .rodata        0x00000000080083e8       0x46 USB_DEVICE/App/usbd_desc.o
 *(.rodata*)
 *fill*         0x000000000800842e        0x2 
 .rodata.AHBPrescTable
                0x0000000008008430       0x10 Core/Src/system_stm32l4xx.o
                0x0000000008008430                AHBPrescTable
 .rodata.MSIRangeTable
                0x0000000008008440       0x30 Core/Src/system_stm32l4xx.o
                0x0000000008008440                MSIRangeTable
 .rodata._svfprintf_r.str1.1
                0x0000000008008470       0x11 c:/st/stm32cubeide_1.5.0/stm32cubeide/plugins/com.st.stm32cube.ide.mcu.externaltools.gnu-tools-for-stm32.7-2018-q2-update.win32_1.5.0.202011040924/tools/bin/../lib/gcc/arm-none-eabi/7.3.1/../../../../arm-none-eabi/lib/thumb/v7e-m/fpv4-sp/hard\libc_nano.a(lib_a-nano-svfprintf.o)
 .rodata._printf_i.str1.1
                0x0000000008008481       0x22 c:/st/stm32cubeide_1.5.0/stm32cubeide/plugins/com.st.stm32cube.ide.mcu.externaltools.gnu-tools-for-stm32.7-2018-q2-update.win32_1.5.0.202011040924/tools/bin/../lib/gcc/arm-none-eabi/7.3.1/../../../../arm-none-eabi/lib/thumb/v7e-m/fpv4-sp/hard\libc_nano.a(lib_a-nano-vfprintf_i.o)
                0x00000000080084a4                . = ALIGN (0x4)
 *fill*         0x00000000080084a3        0x1 

.rel.dyn        0x00000000080084a4        0x0
 .rel.iplt      0x00000000080084a4        0x0 c:/st/stm32cubeide_1.5.0/stm32cubeide/plugins/com.st.stm32cube.ide.mcu.externaltools.gnu-tools-for-stm32.7-2018-q2-update.win32_1.5.0.202011040924/tools/bin/../lib/gcc/arm-none-eabi/7.3.1/thumb/v7e-m/fpv4-sp/hard/crtbegin.o

.ARM.extab      0x00000000080084a4        0x0
                0x00000000080084a4                . = ALIGN (0x4)
 *(.ARM.extab* .gnu.linkonce.armextab.*)
                0x00000000080084a4                . = ALIGN (0x4)

.ARM            0x00000000080084a4        0x0
                0x00000000080084a4                . = ALIGN (0x4)
                0x00000000080084a4                __exidx_start = .
 *(.ARM.exidx*)
                0x00000000080084a4                __exidx_end = .
                0x00000000080084a4                . = ALIGN (0x4)

.preinit_array  0x00000000080084a4        0x0
                0x00000000080084a4                . = ALIGN (0x4)
                0x00000000080084a4                PROVIDE (__preinit_array_start = .)
 *(.preinit_array*)
                0x00000000080084a4                PROVIDE (__preinit_array_end = .)
                0x00000000080084a4                . = ALIGN (0x4)

.init_array     0x00000000080084a4        0x4
                0x00000000080084a4                . = ALIGN (0x4)
                0x00000000080084a4                PROVIDE (__init_array_start = .)
 *(SORT_BY_NAME(.init_array.*))
 *(.init_array*)
 .init_array    0x00000000080084a4        0x4 c:/st/stm32cubeide_1.5.0/stm32cubeide/plugins/com.st.stm32cube.ide.mcu.externaltools.gnu-tools-for-stm32.7-2018-q2-update.win32_1.5.0.202011040924/tools/bin/../lib/gcc/arm-none-eabi/7.3.1/thumb/v7e-m/fpv4-sp/hard/crtbegin.o
                0x00000000080084a8                PROVIDE (__init_array_end = .)
                0x00000000080084a8                . = ALIGN (0x4)

.fini_array     0x00000000080084a8        0x4
                0x00000000080084a8                . = ALIGN (0x4)
                [!provide]                        PROVIDE (__fini_array_start = .)
 *(SORT_BY_NAME(.fini_array.*))
 *(.fini_array*)
 .fini_array    0x00000000080084a8        0x4 c:/st/stm32cubeide_1.5.0/stm32cubeide/plugins/com.st.stm32cube.ide.mcu.externaltools.gnu-tools-for-stm32.7-2018-q2-update.win32_1.5.0.202011040924/tools/bin/../lib/gcc/arm-none-eabi/7.3.1/thumb/v7e-m/fpv4-sp/hard/crtbegin.o
                [!provide]                        PROVIDE (__fini_array_end = .)
                0x00000000080084ac                . = ALIGN (0x4)
                0x00000000080084ac                _sidata = LOADADDR (.data)

.data           0x0000000020000000      0x1f4 load address 0x00000000080084ac
                0x0000000020000000                . = ALIGN (0x4)
                0x0000000020000000                _sdata = .
 *(.data)
 *(.data*)
 .data.SystemCoreClock
                0x0000000020000000        0x4 Core/Src/system_stm32l4xx.o
                0x0000000020000000                SystemCoreClock
 .data.uwTickPrio
                0x0000000020000004        0x4 Drivers/STM32L4xx_HAL_Driver/Src/stm32l4xx_hal.o
                0x0000000020000004                uwTickPrio
 .data.uwTickFreq
                0x0000000020000008        0x1 Drivers/STM32L4xx_HAL_Driver/Src/stm32l4xx_hal.o
                0x0000000020000008                uwTickFreq
 *fill*         0x0000000020000009        0x3 
 .data.USBD_CDC_DeviceQualifierDesc
                0x000000002000000c        0xa Middlewares/ST/STM32_USB_Device_Library/Class/CDC/Src/usbd_cdc.o
 *fill*         0x0000000020000016        0x2 
 .data.USBD_CDC
                0x0000000020000018       0x38 Middlewares/ST/STM32_USB_Device_Library/Class/CDC/Src/usbd_cdc.o
                0x0000000020000018                USBD_CDC
 .data.USBD_CDC_CfgHSDesc
                0x0000000020000050       0x43 Middlewares/ST/STM32_USB_Device_Library/Class/CDC/Src/usbd_cdc.o
 *fill*         0x0000000020000093        0x1 
 .data.USBD_CDC_CfgFSDesc
                0x0000000020000094       0x43 Middlewares/ST/STM32_USB_Device_Library/Class/CDC/Src/usbd_cdc.o
 *fill*         0x00000000200000d7        0x1 
 .data.USBD_CDC_OtherSpeedCfgDesc
                0x00000000200000d8       0x43 Middlewares/ST/STM32_USB_Device_Library/Class/CDC/Src/usbd_cdc.o
 *fill*         0x000000002000011b        0x1 
 .data.USBD_Interface_fops_FS
                0x000000002000011c       0x14 USB_DEVICE/App/usbd_cdc_if.o
                0x000000002000011c                USBD_Interface_fops_FS
 .data.FS_Desc  0x0000000020000130       0x20 USB_DEVICE/App/usbd_desc.o
                0x0000000020000130                FS_Desc
 .data.USBD_FS_DeviceDesc
                0x0000000020000150       0x12 USB_DEVICE/App/usbd_desc.o
                0x0000000020000150                USBD_FS_DeviceDesc
 *fill*         0x0000000020000162        0x2 
 .data.USBD_FS_BOSDesc
                0x0000000020000164        0xc USB_DEVICE/App/usbd_desc.o
                0x0000000020000164                USBD_FS_BOSDesc
 .data.USBD_LangIDDesc
                0x0000000020000170        0x4 USB_DEVICE/App/usbd_desc.o
                0x0000000020000170                USBD_LangIDDesc
 .data.USBD_StringSerial
                0x0000000020000174       0x1a USB_DEVICE/App/usbd_desc.o
                0x0000000020000174                USBD_StringSerial
 *fill*         0x000000002000018e        0x2 
 .data._impure_ptr
                0x0000000020000190        0x4 c:/st/stm32cubeide_1.5.0/stm32cubeide/plugins/com.st.stm32cube.ide.mcu.externaltools.gnu-tools-for-stm32.7-2018-q2-update.win32_1.5.0.202011040924/tools/bin/../lib/gcc/arm-none-eabi/7.3.1/../../../../arm-none-eabi/lib/thumb/v7e-m/fpv4-sp/hard\libc_nano.a(lib_a-impure.o)
                0x0000000020000190                _impure_ptr
 .data.impure_data
                0x0000000020000194       0x60 c:/st/stm32cubeide_1.5.0/stm32cubeide/plugins/com.st.stm32cube.ide.mcu.externaltools.gnu-tools-for-stm32.7-2018-q2-update.win32_1.5.0.202011040924/tools/bin/../lib/gcc/arm-none-eabi/7.3.1/../../../../arm-none-eabi/lib/thumb/v7e-m/fpv4-sp/hard\libc_nano.a(lib_a-impure.o)
 *(.RamFunc)
 *(.RamFunc*)
                0x00000000200001f4                . = ALIGN (0x4)
                0x00000000200001f4                _edata = .

.igot.plt       0x00000000200001f4        0x0 load address 0x00000000080086a0
 .igot.plt      0x00000000200001f4        0x0 c:/st/stm32cubeide_1.5.0/stm32cubeide/plugins/com.st.stm32cube.ide.mcu.externaltools.gnu-tools-for-stm32.7-2018-q2-update.win32_1.5.0.202011040924/tools/bin/../lib/gcc/arm-none-eabi/7.3.1/thumb/v7e-m/fpv4-sp/hard/crtbegin.o
                0x00000000200001f4                . = ALIGN (0x4)

.bss            0x00000000200001f4      0xfc8 load address 0x00000000080086a0
                0x00000000200001f4                _sbss = .
                0x00000000200001f4                __bss_start__ = _sbss
 *(.bss)
 .bss           0x00000000200001f4       0x1c c:/st/stm32cubeide_1.5.0/stm32cubeide/plugins/com.st.stm32cube.ide.mcu.externaltools.gnu-tools-for-stm32.7-2018-q2-update.win32_1.5.0.202011040924/tools/bin/../lib/gcc/arm-none-eabi/7.3.1/thumb/v7e-m/fpv4-sp/hard/crtbegin.o
 *(.bss*)
 .bss.__sbrk_heap_end
                0x0000000020000210        0x4 Core/Src/sysmem.o
 .bss.cfgidx.10216
                0x0000000020000214        0x1 Middlewares/ST/STM32_USB_Device_Library/Core/Src/usbd_ctlreq.o
 *fill*         0x0000000020000215        0x3 
 .bss.__malloc_free_list
                0x0000000020000218        0x4 c:/st/stm32cubeide_1.5.0/stm32cubeide/plugins/com.st.stm32cube.ide.mcu.externaltools.gnu-tools-for-stm32.7-2018-q2-update.win32_1.5.0.202011040924/tools/bin/../lib/gcc/arm-none-eabi/7.3.1/../../../../arm-none-eabi/lib/thumb/v7e-m/fpv4-sp/hard\libc_nano.a(lib_a-nano-mallocr.o)
                0x0000000020000218                __malloc_free_list
 .bss.__malloc_sbrk_start
                0x000000002000021c        0x4 c:/st/stm32cubeide_1.5.0/stm32cubeide/plugins/com.st.stm32cube.ide.mcu.externaltools.gnu-tools-for-stm32.7-2018-q2-update.win32_1.5.0.202011040924/tools/bin/../lib/gcc/arm-none-eabi/7.3.1/../../../../arm-none-eabi/lib/thumb/v7e-m/fpv4-sp/hard\libc_nano.a(lib_a-nano-mallocr.o)
                0x000000002000021c                __malloc_sbrk_start
 *(COMMON)
 COMMON         0x0000000020000220        0x4 Drivers/STM32L4xx_HAL_Driver/Src/stm32l4xx_hal.o
                0x0000000020000220                uwTick
 COMMON         0x0000000020000224      0x2d0 USB_DEVICE/App/usb_device.o
                0x0000000020000224                hUsbDeviceFS
 COMMON         0x00000000200004f4      0x7d0 USB_DEVICE/App/usbd_cdc_if.o
                0x00000000200004f4                UserRxBufferFS
                0x00000000200008dc                UserTxBufferFS
 COMMON         0x0000000020000cc4      0x200 USB_DEVICE/App/usbd_desc.o
                0x0000000020000cc4                USBD_StrDesc
 COMMON         0x0000000020000ec4      0x2f4 USB_DEVICE/Target/usbd_conf.o
                0x0000000020000ec4                hpcd_USB_FS
 COMMON         0x00000000200011b8        0x4 c:/st/stm32cubeide_1.5.0/stm32cubeide/plugins/com.st.stm32cube.ide.mcu.externaltools.gnu-tools-for-stm32.7-2018-q2-update.win32_1.5.0.202011040924/tools/bin/../lib/gcc/arm-none-eabi/7.3.1/../../../../arm-none-eabi/lib/thumb/v7e-m/fpv4-sp/hard\libc_nano.a(lib_a-reent.o)
                0x00000000200011b8                errno
                0x00000000200011bc                . = ALIGN (0x4)
                0x00000000200011bc                _ebss = .
                0x00000000200011bc                __bss_end__ = _ebss

._user_heap_stack
                0x00000000200011bc      0x604 load address 0x00000000080086a0
                0x00000000200011c0                . = ALIGN (0x8)
 *fill*         0x00000000200011bc        0x4 
                [!provide]                        PROVIDE (end = .)
                0x00000000200011c0                PROVIDE (_end = .)
                0x00000000200013c0                . = (. + _Min_Heap_Size)
 *fill*         0x00000000200011c0      0x200 
                0x00000000200017c0                . = (. + _Min_Stack_Size)
 *fill*         0x00000000200013c0      0x400 
                0x00000000200017c0                . = ALIGN (0x8)

/DISCARD/
 libc.a(*)
 libm.a(*)
 libgcc.a(*)

.ARM.attributes
                0x0000000000000000       0x30
 *(.ARM.attributes)
 .ARM.attributes
                0x0000000000000000       0x22 c:/st/stm32cubeide_1.5.0/stm32cubeide/plugins/com.st.stm32cube.ide.mcu.externaltools.gnu-tools-for-stm32.7-2018-q2-update.win32_1.5.0.202011040924/tools/bin/../lib/gcc/arm-none-eabi/7.3.1/thumb/v7e-m/fpv4-sp/hard/crti.o
 .ARM.attributes
                0x0000000000000022       0x34 c:/st/stm32cubeide_1.5.0/stm32cubeide/plugins/com.st.stm32cube.ide.mcu.externaltools.gnu-tools-for-stm32.7-2018-q2-update.win32_1.5.0.202011040924/tools/bin/../lib/gcc/arm-none-eabi/7.3.1/thumb/v7e-m/fpv4-sp/hard/crtbegin.o
 .ARM.attributes
                0x0000000000000056       0x39 Core/Src/main.o
 .ARM.attributes
                0x000000000000008f       0x39 Core/Src/stm32l4xx_hal_msp.o
 .ARM.attributes
                0x00000000000000c8       0x39 Core/Src/stm32l4xx_it.o
 .ARM.attributes
                0x0000000000000101       0x39 Core/Src/sysmem.o
 .ARM.attributes
                0x000000000000013a       0x39 Core/Src/system_stm32l4xx.o
 .ARM.attributes
                0x0000000000000173       0x21 Core/Startup/startup_stm32l432kbux.o
 .ARM.attributes
                0x0000000000000194       0x39 Drivers/STM32L4xx_HAL_Driver/Src/stm32l4xx_hal.o
 .ARM.attributes
                0x00000000000001cd       0x39 Drivers/STM32L4xx_HAL_Driver/Src/stm32l4xx_hal_cortex.o
 .ARM.attributes
                0x0000000000000206       0x39 Drivers/STM32L4xx_HAL_Driver/Src/stm32l4xx_hal_gpio.o
 .ARM.attributes
                0x000000000000023f       0x39 Drivers/STM32L4xx_HAL_Driver/Src/stm32l4xx_hal_pcd.o
 .ARM.attributes
                0x0000000000000278       0x39 Drivers/STM32L4xx_HAL_Driver/Src/stm32l4xx_hal_pcd_ex.o
 .ARM.attributes
                0x00000000000002b1       0x39 Drivers/STM32L4xx_HAL_Driver/Src/stm32l4xx_hal_pwr_ex.o
 .ARM.attributes
                0x00000000000002ea       0x39 Drivers/STM32L4xx_HAL_Driver/Src/stm32l4xx_hal_rcc.o
 .ARM.attributes
                0x0000000000000323       0x39 Drivers/STM32L4xx_HAL_Driver/Src/stm32l4xx_hal_rcc_ex.o
 .ARM.attributes
                0x000000000000035c       0x39 Drivers/STM32L4xx_HAL_Driver/Src/stm32l4xx_ll_usb.o
 .ARM.attributes
                0x0000000000000395       0x39 Middlewares/ST/STM32_USB_Device_Library/Class/CDC/Src/usbd_cdc.o
 .ARM.attributes
                0x00000000000003ce       0x39 Middlewares/ST/STM32_USB_Device_Library/Core/Src/usbd_core.o
 .ARM.attributes
                0x0000000000000407       0x39 Middlewares/ST/STM32_USB_Device_Library/Core/Src/usbd_ctlreq.o
 .ARM.attributes
                0x0000000000000440       0x39 Middlewares/ST/STM32_USB_Device_Library/Core/Src/usbd_ioreq.o
 .ARM.attributes
                0x0000000000000479       0x39 USB_DEVICE/App/usb_device.o
 .ARM.attributes
                0x00000000000004b2       0x39 USB_DEVICE/App/usbd_cdc_if.o
 .ARM.attributes
                0x00000000000004eb       0x39 USB_DEVICE/App/usbd_desc.o
 .ARM.attributes
                0x0000000000000524       0x39 USB_DEVICE/Target/usbd_conf.o
 .ARM.attributes
                0x000000000000055d       0x34 c:/st/stm32cubeide_1.5.0/stm32cubeide/plugins/com.st.stm32cube.ide.mcu.externaltools.gnu-tools-for-stm32.7-2018-q2-update.win32_1.5.0.202011040924/tools/bin/../lib/gcc/arm-none-eabi/7.3.1/../../../../arm-none-eabi/lib/thumb/v7e-m/fpv4-sp/hard\libc_nano.a(lib_a-errno.o)
 .ARM.attributes
                0x0000000000000591       0x34 c:/st/stm32cubeide_1.5.0/stm32cubeide/plugins/com.st.stm32cube.ide.mcu.externaltools.gnu-tools-for-stm32.7-2018-q2-update.win32_1.5.0.202011040924/tools/bin/../lib/gcc/arm-none-eabi/7.3.1/../../../../arm-none-eabi/lib/thumb/v7e-m/fpv4-sp/hard\libc_nano.a(lib_a-impure.o)
 .ARM.attributes
                0x00000000000005c5       0x34 c:/st/stm32cubeide_1.5.0/stm32cubeide/plugins/com.st.stm32cube.ide.mcu.externaltools.gnu-tools-for-stm32.7-2018-q2-update.win32_1.5.0.202011040924/tools/bin/../lib/gcc/arm-none-eabi/7.3.1/../../../../arm-none-eabi/lib/thumb/v7e-m/fpv4-sp/hard\libc_nano.a(lib_a-init.o)
 .ARM.attributes
                0x00000000000005f9       0x34 c:/st/stm32cubeide_1.5.0/stm32cubeide/plugins/com.st.stm32cube.ide.mcu.externaltools.gnu-tools-for-stm32.7-2018-q2-update.win32_1.5.0.202011040924/tools/bin/../lib/gcc/arm-none-eabi/7.3.1/../../../../arm-none-eabi/lib/thumb/v7e-m/fpv4-sp/hard\libc_nano.a(lib_a-malloc.o)
 .ARM.attributes
                0x000000000000062d       0x34 c:/st/stm32cubeide_1.5.0/stm32cubeide/plugins/com.st.stm32cube.ide.mcu.externaltools.gnu-tools-for-stm32.7-2018-q2-update.win32_1.5.0.202011040924/tools/bin/../lib/gcc/arm-none-eabi/7.3.1/../../../../arm-none-eabi/lib/thumb/v7e-m/fpv4-sp/hard\libc_nano.a(lib_a-memset.o)
 .ARM.attributes
                0x0000000000000661       0x34 c:/st/stm32cubeide_1.5.0/stm32cubeide/plugins/com.st.stm32cube.ide.mcu.externaltools.gnu-tools-for-stm32.7-2018-q2-update.win32_1.5.0.202011040924/tools/bin/../lib/gcc/arm-none-eabi/7.3.1/../../../../arm-none-eabi/lib/thumb/v7e-m/fpv4-sp/hard\libc_nano.a(lib_a-nano-freer.o)
 .ARM.attributes
                0x0000000000000695       0x34 c:/st/stm32cubeide_1.5.0/stm32cubeide/plugins/com.st.stm32cube.ide.mcu.externaltools.gnu-tools-for-stm32.7-2018-q2-update.win32_1.5.0.202011040924/tools/bin/../lib/gcc/arm-none-eabi/7.3.1/../../../../arm-none-eabi/lib/thumb/v7e-m/fpv4-sp/hard\libc_nano.a(lib_a-nano-mallocr.o)
 .ARM.attributes
                0x00000000000006c9       0x34 c:/st/stm32cubeide_1.5.0/stm32cubeide/plugins/com.st.stm32cube.ide.mcu.externaltools.gnu-tools-for-stm32.7-2018-q2-update.win32_1.5.0.202011040924/tools/bin/../lib/gcc/arm-none-eabi/7.3.1/../../../../arm-none-eabi/lib/thumb/v7e-m/fpv4-sp/hard\libc_nano.a(lib_a-sbrkr.o)
 .ARM.attributes
                0x00000000000006fd       0x34 c:/st/stm32cubeide_1.5.0/stm32cubeide/plugins/com.st.stm32cube.ide.mcu.externaltools.gnu-tools-for-stm32.7-2018-q2-update.win32_1.5.0.202011040924/tools/bin/../lib/gcc/arm-none-eabi/7.3.1/../../../../arm-none-eabi/lib/thumb/v7e-m/fpv4-sp/hard\libc_nano.a(lib_a-sprintf.o)
 .ARM.attributes
                0x0000000000000731       0x1b c:/st/stm32cubeide_1.5.0/stm32cubeide/plugins/com.st.stm32cube.ide.mcu.externaltools.gnu-tools-for-stm32.7-2018-q2-update.win32_1.5.0.202011040924/tools/bin/../lib/gcc/arm-none-eabi/7.3.1/../../../../arm-none-eabi/lib/thumb/v7e-m/fpv4-sp/hard\libc_nano.a(lib_a-strlen.o)
 .ARM.attributes
                0x000000000000074c       0x34 c:/st/stm32cubeide_1.5.0/stm32cubeide/plugins/com.st.stm32cube.ide.mcu.externaltools.gnu-tools-for-stm32.7-2018-q2-update.win32_1.5.0.202011040924/tools/bin/../lib/gcc/arm-none-eabi/7.3.1/../../../../arm-none-eabi/lib/thumb/v7e-m/fpv4-sp/hard\libc_nano.a(lib_a-mlock.o)
 .ARM.attributes
                0x0000000000000780       0x34 c:/st/stm32cubeide_1.5.0/stm32cubeide/plugins/com.st.stm32cube.ide.mcu.externaltools.gnu-tools-for-stm32.7-2018-q2-update.win32_1.5.0.202011040924/tools/bin/../lib/gcc/arm-none-eabi/7.3.1/../../../../arm-none-eabi/lib/thumb/v7e-m/fpv4-sp/hard\libc_nano.a(lib_a-nano-svfprintf.o)
 .ARM.attributes
                0x00000000000007b4       0x34 c:/st/stm32cubeide_1.5.0/stm32cubeide/plugins/com.st.stm32cube.ide.mcu.externaltools.gnu-tools-for-stm32.7-2018-q2-update.win32_1.5.0.202011040924/tools/bin/../lib/gcc/arm-none-eabi/7.3.1/../../../../arm-none-eabi/lib/thumb/v7e-m/fpv4-sp/hard\libc_nano.a(lib_a-nano-vfprintf_i.o)
 .ARM.attributes
                0x00000000000007e8       0x34 c:/st/stm32cubeide_1.5.0/stm32cubeide/plugins/com.st.stm32cube.ide.mcu.externaltools.gnu-tools-for-stm32.7-2018-q2-update.win32_1.5.0.202011040924/tools/bin/../lib/gcc/arm-none-eabi/7.3.1/../../../../arm-none-eabi/lib/thumb/v7e-m/fpv4-sp/hard\libc_nano.a(lib_a-reent.o)
 .ARM.attributes
                0x000000000000081c       0x20 c:/st/stm32cubeide_1.5.0/stm32cubeide/plugins/com.st.stm32cube.ide.mcu.externaltools.gnu-tools-for-stm32.7-2018-q2-update.win32_1.5.0.202011040924/tools/bin/../lib/gcc/arm-none-eabi/7.3.1/../../../../arm-none-eabi/lib/thumb/v7e-m/fpv4-sp/hard\libc_nano.a(lib_a-memchr.o)
 .ARM.attributes
                0x000000000000083c       0x34 c:/st/stm32cubeide_1.5.0/stm32cubeide/plugins/com.st.stm32cube.ide.mcu.externaltools.gnu-tools-for-stm32.7-2018-q2-update.win32_1.5.0.202011040924/tools/bin/../lib/gcc/arm-none-eabi/7.3.1/../../../../arm-none-eabi/lib/thumb/v7e-m/fpv4-sp/hard\libc_nano.a(lib_a-memcpy-stub.o)
 .ARM.attributes
                0x0000000000000870       0x34 c:/st/stm32cubeide_1.5.0/stm32cubeide/plugins/com.st.stm32cube.ide.mcu.externaltools.gnu-tools-for-stm32.7-2018-q2-update.win32_1.5.0.202011040924/tools/bin/../lib/gcc/arm-none-eabi/7.3.1/../../../../arm-none-eabi/lib/thumb/v7e-m/fpv4-sp/hard\libc_nano.a(lib_a-memmove.o)
 .ARM.attributes
                0x00000000000008a4       0x34 c:/st/stm32cubeide_1.5.0/stm32cubeide/plugins/com.st.stm32cube.ide.mcu.externaltools.gnu-tools-for-stm32.7-2018-q2-update.win32_1.5.0.202011040924/tools/bin/../lib/gcc/arm-none-eabi/7.3.1/../../../../arm-none-eabi/lib/thumb/v7e-m/fpv4-sp/hard\libc_nano.a(lib_a-nano-reallocr.o)
 .ARM.attributes
                0x00000000000008d8       0x34 c:/st/stm32cubeide_1.5.0/stm32cubeide/plugins/com.st.stm32cube.ide.mcu.externaltools.gnu-tools-for-stm32.7-2018-q2-update.win32_1.5.0.202011040924/tools/bin/../lib/gcc/arm-none-eabi/7.3.1/../../../../arm-none-eabi/lib/thumb/v7e-m/fpv4-sp/hard\libc_nano.a(lib_a-nano-msizer.o)
 .ARM.attributes
                0x000000000000090c       0x22 c:/st/stm32cubeide_1.5.0/stm32cubeide/plugins/com.st.stm32cube.ide.mcu.externaltools.gnu-tools-for-stm32.7-2018-q2-update.win32_1.5.0.202011040924/tools/bin/../lib/gcc/arm-none-eabi/7.3.1/thumb/v7e-m/fpv4-sp/hard/crtn.o
OUTPUT(STM RF Dongle.elf elf32-littlearm)

.debug_info     0x0000000000000000    0x1618a
 .debug_info    0x0000000000000000     0x16c2 Core/Src/main.o
 .debug_info    0x00000000000016c2      0xb0d Core/Src/stm32l4xx_hal_msp.o
 .debug_info    0x00000000000021cf      0x80e Core/Src/stm32l4xx_it.o
 .debug_info    0x00000000000029dd      0x985 Core/Src/sysmem.o
 .debug_info    0x0000000000003362      0x734 Core/Src/system_stm32l4xx.o
 .debug_info    0x0000000000003a96       0x22 Core/Startup/startup_stm32l432kbux.o
 .debug_info    0x0000000000003ab8      0xad1 Drivers/STM32L4xx_HAL_Driver/Src/stm32l4xx_hal.o
 .debug_info    0x0000000000004589      0xeef Drivers/STM32L4xx_HAL_Driver/Src/stm32l4xx_hal_cortex.o
 .debug_info    0x0000000000005478      0x9c2 Drivers/STM32L4xx_HAL_Driver/Src/stm32l4xx_hal_gpio.o
 .debug_info    0x0000000000005e3a     0x12fc Drivers/STM32L4xx_HAL_Driver/Src/stm32l4xx_hal_pcd.o
 .debug_info    0x0000000000007136      0x9f5 Drivers/STM32L4xx_HAL_Driver/Src/stm32l4xx_hal_pcd_ex.o
 .debug_info    0x0000000000007b2b      0xadb Drivers/STM32L4xx_HAL_Driver/Src/stm32l4xx_hal_pwr_ex.o
 .debug_info    0x0000000000008606      0xcde Drivers/STM32L4xx_HAL_Driver/Src/stm32l4xx_hal_rcc.o
 .debug_info    0x00000000000092e4      0xfff Drivers/STM32L4xx_HAL_Driver/Src/stm32l4xx_hal_rcc_ex.o
 .debug_info    0x000000000000a2e3     0x1a34 Drivers/STM32L4xx_HAL_Driver/Src/stm32l4xx_ll_usb.o
 .debug_info    0x000000000000bd17     0x1996 Middlewares/ST/STM32_USB_Device_Library/Class/CDC/Src/usbd_cdc.o
 .debug_info    0x000000000000d6ad     0x13be Middlewares/ST/STM32_USB_Device_Library/Core/Src/usbd_core.o
 .debug_info    0x000000000000ea6b     0x1388 Middlewares/ST/STM32_USB_Device_Library/Core/Src/usbd_ctlreq.o
 .debug_info    0x000000000000fdf3     0x10d3 Middlewares/ST/STM32_USB_Device_Library/Core/Src/usbd_ioreq.o
 .debug_info    0x0000000000010ec6     0x1046 USB_DEVICE/App/usb_device.o
 .debug_info    0x0000000000011f0c     0x1258 USB_DEVICE/App/usbd_cdc_if.o
 .debug_info    0x0000000000013164      0xec6 USB_DEVICE/App/usbd_desc.o
 .debug_info    0x000000000001402a     0x2160 USB_DEVICE/Target/usbd_conf.o

.debug_abbrev   0x0000000000000000     0x2ede
 .debug_abbrev  0x0000000000000000      0x25a Core/Src/main.o
 .debug_abbrev  0x000000000000025a      0x18c Core/Src/stm32l4xx_hal_msp.o
 .debug_abbrev  0x00000000000003e6      0x155 Core/Src/stm32l4xx_it.o
 .debug_abbrev  0x000000000000053b      0x19b Core/Src/sysmem.o
 .debug_abbrev  0x00000000000006d6      0x150 Core/Src/system_stm32l4xx.o
 .debug_abbrev  0x0000000000000826       0x12 Core/Startup/startup_stm32l432kbux.o
 .debug_abbrev  0x0000000000000838      0x1e1 Drivers/STM32L4xx_HAL_Driver/Src/stm32l4xx_hal.o
 .debug_abbrev  0x0000000000000a19      0x2fa Drivers/STM32L4xx_HAL_Driver/Src/stm32l4xx_hal_cortex.o
 .debug_abbrev  0x0000000000000d13      0x1c0 Drivers/STM32L4xx_HAL_Driver/Src/stm32l4xx_hal_gpio.o
 .debug_abbrev  0x0000000000000ed3      0x268 Drivers/STM32L4xx_HAL_Driver/Src/stm32l4xx_hal_pcd.o
 .debug_abbrev  0x000000000000113b      0x1b1 Drivers/STM32L4xx_HAL_Driver/Src/stm32l4xx_hal_pcd_ex.o
 .debug_abbrev  0x00000000000012ec      0x1cb Drivers/STM32L4xx_HAL_Driver/Src/stm32l4xx_hal_pwr_ex.o
 .debug_abbrev  0x00000000000014b7      0x245 Drivers/STM32L4xx_HAL_Driver/Src/stm32l4xx_hal_rcc.o
 .debug_abbrev  0x00000000000016fc      0x238 Drivers/STM32L4xx_HAL_Driver/Src/stm32l4xx_hal_rcc_ex.o
 .debug_abbrev  0x0000000000001934      0x1d9 Drivers/STM32L4xx_HAL_Driver/Src/stm32l4xx_ll_usb.o
 .debug_abbrev  0x0000000000001b0d      0x2af Middlewares/ST/STM32_USB_Device_Library/Class/CDC/Src/usbd_cdc.o
 .debug_abbrev  0x0000000000001dbc      0x27d Middlewares/ST/STM32_USB_Device_Library/Core/Src/usbd_core.o
 .debug_abbrev  0x0000000000002039      0x2ba Middlewares/ST/STM32_USB_Device_Library/Core/Src/usbd_ctlreq.o
 .debug_abbrev  0x00000000000022f3      0x1fc Middlewares/ST/STM32_USB_Device_Library/Core/Src/usbd_ioreq.o
 .debug_abbrev  0x00000000000024ef      0x1da USB_DEVICE/App/usb_device.o
 .debug_abbrev  0x00000000000026c9      0x2ca USB_DEVICE/App/usbd_cdc_if.o
 .debug_abbrev  0x0000000000002993      0x265 USB_DEVICE/App/usbd_desc.o
 .debug_abbrev  0x0000000000002bf8      0x2e6 USB_DEVICE/Target/usbd_conf.o

.debug_aranges  0x0000000000000000      0xcf8
 .debug_aranges
                0x0000000000000000       0x38 Core/Src/main.o
 .debug_aranges
                0x0000000000000038       0x30 Core/Src/stm32l4xx_hal_msp.o
 .debug_aranges
                0x0000000000000068       0x68 Core/Src/stm32l4xx_it.o
 .debug_aranges
                0x00000000000000d0       0x20 Core/Src/sysmem.o
 .debug_aranges
                0x00000000000000f0       0x28 Core/Src/system_stm32l4xx.o
 .debug_aranges
                0x0000000000000118       0x28 Core/Startup/startup_stm32l432kbux.o
 .debug_aranges
                0x0000000000000140      0x108 Drivers/STM32L4xx_HAL_Driver/Src/stm32l4xx_hal.o
 .debug_aranges
                0x0000000000000248      0x118 Drivers/STM32L4xx_HAL_Driver/Src/stm32l4xx_hal_cortex.o
 .debug_aranges
                0x0000000000000360       0x58 Drivers/STM32L4xx_HAL_Driver/Src/stm32l4xx_hal_gpio.o
 .debug_aranges
                0x00000000000003b8      0x130 Drivers/STM32L4xx_HAL_Driver/Src/stm32l4xx_hal_pcd.o
 .debug_aranges
                0x00000000000004e8       0x58 Drivers/STM32L4xx_HAL_Driver/Src/stm32l4xx_hal_pcd_ex.o
 .debug_aranges
                0x0000000000000540      0x128 Drivers/STM32L4xx_HAL_Driver/Src/stm32l4xx_hal_pwr_ex.o
 .debug_aranges
                0x0000000000000668       0x88 Drivers/STM32L4xx_HAL_Driver/Src/stm32l4xx_hal_rcc.o
 .debug_aranges
                0x00000000000006f0       0xf0 Drivers/STM32L4xx_HAL_Driver/Src/stm32l4xx_hal_rcc_ex.o
 .debug_aranges
                0x00000000000007e0      0x108 Drivers/STM32L4xx_HAL_Driver/Src/stm32l4xx_ll_usb.o
 .debug_aranges
                0x00000000000008e8       0x90 Middlewares/ST/STM32_USB_Device_Library/Class/CDC/Src/usbd_cdc.o
 .debug_aranges
                0x0000000000000978       0xb8 Middlewares/ST/STM32_USB_Device_Library/Core/Src/usbd_core.o
 .debug_aranges
                0x0000000000000a30       0x90 Middlewares/ST/STM32_USB_Device_Library/Core/Src/usbd_ctlreq.o
 .debug_aranges
                0x0000000000000ac0       0x50 Middlewares/ST/STM32_USB_Device_Library/Core/Src/usbd_ioreq.o
 .debug_aranges
                0x0000000000000b10       0x20 USB_DEVICE/App/usb_device.o
 .debug_aranges
                0x0000000000000b30       0x48 USB_DEVICE/App/usbd_cdc_if.o
 .debug_aranges
                0x0000000000000b78       0x68 USB_DEVICE/App/usbd_desc.o
 .debug_aranges
                0x0000000000000be0      0x118 USB_DEVICE/Target/usbd_conf.o

.debug_ranges   0x0000000000000000      0xb90
 .debug_ranges  0x0000000000000000       0x28 Core/Src/main.o
 .debug_ranges  0x0000000000000028       0x20 Core/Src/stm32l4xx_hal_msp.o
 .debug_ranges  0x0000000000000048       0x58 Core/Src/stm32l4xx_it.o
 .debug_ranges  0x00000000000000a0       0x10 Core/Src/sysmem.o
 .debug_ranges  0x00000000000000b0       0x18 Core/Src/system_stm32l4xx.o
 .debug_ranges  0x00000000000000c8       0x20 Core/Startup/startup_stm32l432kbux.o
 .debug_ranges  0x00000000000000e8       0xf8 Drivers/STM32L4xx_HAL_Driver/Src/stm32l4xx_hal.o
 .debug_ranges  0x00000000000001e0      0x108 Drivers/STM32L4xx_HAL_Driver/Src/stm32l4xx_hal_cortex.o
 .debug_ranges  0x00000000000002e8       0x48 Drivers/STM32L4xx_HAL_Driver/Src/stm32l4xx_hal_gpio.o
 .debug_ranges  0x0000000000000330      0x120 Drivers/STM32L4xx_HAL_Driver/Src/stm32l4xx_hal_pcd.o
 .debug_ranges  0x0000000000000450       0x48 Drivers/STM32L4xx_HAL_Driver/Src/stm32l4xx_hal_pcd_ex.o
 .debug_ranges  0x0000000000000498      0x118 Drivers/STM32L4xx_HAL_Driver/Src/stm32l4xx_hal_pwr_ex.o
 .debug_ranges  0x00000000000005b0       0x78 Drivers/STM32L4xx_HAL_Driver/Src/stm32l4xx_hal_rcc.o
 .debug_ranges  0x0000000000000628       0xe0 Drivers/STM32L4xx_HAL_Driver/Src/stm32l4xx_hal_rcc_ex.o
 .debug_ranges  0x0000000000000708       0xf8 Drivers/STM32L4xx_HAL_Driver/Src/stm32l4xx_ll_usb.o
 .debug_ranges  0x0000000000000800       0x80 Middlewares/ST/STM32_USB_Device_Library/Class/CDC/Src/usbd_cdc.o
 .debug_ranges  0x0000000000000880       0xa8 Middlewares/ST/STM32_USB_Device_Library/Core/Src/usbd_core.o
 .debug_ranges  0x0000000000000928       0x80 Middlewares/ST/STM32_USB_Device_Library/Core/Src/usbd_ctlreq.o
 .debug_ranges  0x00000000000009a8       0x40 Middlewares/ST/STM32_USB_Device_Library/Core/Src/usbd_ioreq.o
 .debug_ranges  0x00000000000009e8       0x10 USB_DEVICE/App/usb_device.o
 .debug_ranges  0x00000000000009f8       0x38 USB_DEVICE/App/usbd_cdc_if.o
 .debug_ranges  0x0000000000000a30       0x58 USB_DEVICE/App/usbd_desc.o
 .debug_ranges  0x0000000000000a88      0x108 USB_DEVICE/Target/usbd_conf.o

.debug_macro    0x0000000000000000    0x22c00
 .debug_macro   0x0000000000000000      0x42f Core/Src/main.o
 .debug_macro   0x000000000000042f      0xa5a Core/Src/main.o
 .debug_macro   0x0000000000000e89      0x1ad Core/Src/main.o
 .debug_macro   0x0000000000001036       0x2e Core/Src/main.o
 .debug_macro   0x0000000000001064       0x28 Core/Src/main.o
 .debug_macro   0x000000000000108c       0x22 Core/Src/main.o
 .debug_macro   0x00000000000010ae       0x8e Core/Src/main.o
 .debug_macro   0x000000000000113c       0x51 Core/Src/main.o
 .debug_macro   0x000000000000118d       0xef Core/Src/main.o
 .debug_macro   0x000000000000127c       0x6a Core/Src/main.o
 .debug_macro   0x00000000000012e6      0x1df Core/Src/main.o
 .debug_macro   0x00000000000014c5       0x1c Core/Src/main.o
 .debug_macro   0x00000000000014e1       0x22 Core/Src/main.o
 .debug_macro   0x0000000000001503      0x101 Core/Src/main.o
 .debug_macro   0x0000000000001604     0x1011 Core/Src/main.o
 .debug_macro   0x0000000000002615      0x11f Core/Src/main.o
 .debug_macro   0x0000000000002734    0x147b4 Core/Src/main.o
 .debug_macro   0x0000000000016ee8       0x43 Core/Src/main.o
 .debug_macro   0x0000000000016f2b     0x3890 Core/Src/main.o
 .debug_macro   0x000000000001a7bb      0x174 Core/Src/main.o
 .debug_macro   0x000000000001a92f       0x5c Core/Src/main.o
 .debug_macro   0x000000000001a98b     0x118b Core/Src/main.o
 .debug_macro   0x000000000001bb16      0x535 Core/Src/main.o
 .debug_macro   0x000000000001c04b      0x13d Core/Src/main.o
 .debug_macro   0x000000000001c188      0x122 Core/Src/main.o
 .debug_macro   0x000000000001c2aa      0x26b Core/Src/main.o
 .debug_macro   0x000000000001c515      0x23d Core/Src/main.o
 .debug_macro   0x000000000001c752      0x241 Core/Src/main.o
 .debug_macro   0x000000000001c993      0x375 Core/Src/main.o
 .debug_macro   0x000000000001cd08       0xd6 Core/Src/main.o
 .debug_macro   0x000000000001cdde      0x22c Core/Src/main.o
 .debug_macro   0x000000000001d00a       0x61 Core/Src/main.o
 .debug_macro   0x000000000001d06b       0xa5 Core/Src/main.o
 .debug_macro   0x000000000001d110       0x65 Core/Src/main.o
 .debug_macro   0x000000000001d175      0x234 Core/Src/main.o
 .debug_macro   0x000000000001d3a9      0x122 Core/Src/main.o
 .debug_macro   0x000000000001d4cb      0x357 Core/Src/main.o
 .debug_macro   0x000000000001d822      0x2fe Core/Src/main.o
 .debug_macro   0x000000000001db20      0x221 Core/Src/main.o
 .debug_macro   0x000000000001dd41       0x40 Core/Src/main.o
 .debug_macro   0x000000000001dd81       0x46 Core/Src/main.o
 .debug_macro   0x000000000001ddc7       0x18 Core/Src/main.o
 .debug_macro   0x000000000001dddf       0x3c Core/Src/main.o
 .debug_macro   0x000000000001de1b       0x34 Core/Src/main.o
 .debug_macro   0x000000000001de4f       0x16 Core/Src/main.o
 .debug_macro   0x000000000001de65       0x35 Core/Src/main.o
 .debug_macro   0x000000000001de9a      0x32a Core/Src/main.o
 .debug_macro   0x000000000001e1c4       0x10 Core/Src/main.o
 .debug_macro   0x000000000001e1d4       0x52 Core/Src/main.o
 .debug_macro   0x000000000001e226       0x1f Core/Src/main.o
 .debug_macro   0x000000000001e245       0x43 Core/Src/main.o
 .debug_macro   0x000000000001e288       0x20 Core/Src/main.o
 .debug_macro   0x000000000001e2a8      0x1a3 Core/Src/main.o
 .debug_macro   0x000000000001e44b       0x10 Core/Src/main.o
 .debug_macro   0x000000000001e45b       0x1c Core/Src/main.o
 .debug_macro   0x000000000001e477       0x52 Core/Src/main.o
 .debug_macro   0x000000000001e4c9       0x40 Core/Src/main.o
 .debug_macro   0x000000000001e509       0x10 Core/Src/main.o
 .debug_macro   0x000000000001e519       0x40 Core/Src/main.o
 .debug_macro   0x000000000001e559       0xd7 Core/Src/main.o
 .debug_macro   0x000000000001e630       0x1c Core/Src/main.o
 .debug_macro   0x000000000001e64c       0x3d Core/Src/main.o
 .debug_macro   0x000000000001e689       0x16 Core/Src/main.o
 .debug_macro   0x000000000001e69f      0x145 Core/Src/main.o
 .debug_macro   0x000000000001e7e4       0x16 Core/Src/main.o
 .debug_macro   0x000000000001e7fa       0x16 Core/Src/main.o
 .debug_macro   0x000000000001e810       0x29 Core/Src/main.o
 .debug_macro   0x000000000001e839       0x16 Core/Src/main.o
 .debug_macro   0x000000000001e84f       0x20 Core/Src/main.o
 .debug_macro   0x000000000001e86f       0x5f Core/Src/main.o
 .debug_macro   0x000000000001e8ce      0x1c4 Core/Src/main.o
 .debug_macro   0x000000000001ea92       0x8f Core/Src/main.o
 .debug_macro   0x000000000001eb21       0x10 Core/Src/main.o
 .debug_macro   0x000000000001eb31      0x1f9 Core/Src/stm32l4xx_hal_msp.o
 .debug_macro   0x000000000001ed2a      0x203 Core/Src/stm32l4xx_it.o
 .debug_macro   0x000000000001ef2d       0xee Core/Src/sysmem.o
 .debug_macro   0x000000000001f01b      0x23b Core/Src/sysmem.o
 .debug_macro   0x000000000001f256      0x1f0 Core/Src/system_stm32l4xx.o
 .debug_macro   0x000000000001f446      0x232 Drivers/STM32L4xx_HAL_Driver/Src/stm32l4xx_hal.o
 .debug_macro   0x000000000001f678      0x1ea Drivers/STM32L4xx_HAL_Driver/Src/stm32l4xx_hal_cortex.o
 .debug_macro   0x000000000001f862      0x229 Drivers/STM32L4xx_HAL_Driver/Src/stm32l4xx_hal_gpio.o
 .debug_macro   0x000000000001fa8b      0x1f6 Drivers/STM32L4xx_HAL_Driver/Src/stm32l4xx_hal_pcd.o
 .debug_macro   0x000000000001fc81      0x1ea Drivers/STM32L4xx_HAL_Driver/Src/stm32l4xx_hal_pcd_ex.o
 .debug_macro   0x000000000001fe6b      0x20e Drivers/STM32L4xx_HAL_Driver/Src/stm32l4xx_hal_pwr_ex.o
 .debug_macro   0x0000000000020079      0x22c Drivers/STM32L4xx_HAL_Driver/Src/stm32l4xx_hal_rcc.o
 .debug_macro   0x00000000000202a5      0x220 Drivers/STM32L4xx_HAL_Driver/Src/stm32l4xx_hal_rcc_ex.o
 .debug_macro   0x00000000000204c5      0x1ea Drivers/STM32L4xx_HAL_Driver/Src/stm32l4xx_ll_usb.o
 .debug_macro   0x00000000000206af      0x406 Middlewares/ST/STM32_USB_Device_Library/Class/CDC/Src/usbd_cdc.o
 .debug_macro   0x0000000000020ab5       0x97 Middlewares/ST/STM32_USB_Device_Library/Class/CDC/Src/usbd_cdc.o
 .debug_macro   0x0000000000020b4c       0xfd Middlewares/ST/STM32_USB_Device_Library/Class/CDC/Src/usbd_cdc.o
 .debug_macro   0x0000000000020c49       0xfb Middlewares/ST/STM32_USB_Device_Library/Class/CDC/Src/usbd_cdc.o
 .debug_macro   0x0000000000020d44       0x56 Middlewares/ST/STM32_USB_Device_Library/Class/CDC/Src/usbd_cdc.o
 .debug_macro   0x0000000000020d9a      0x3ed Middlewares/ST/STM32_USB_Device_Library/Core/Src/usbd_core.o
 .debug_macro   0x0000000000021187      0x1ca Middlewares/ST/STM32_USB_Device_Library/Core/Src/usbd_core.o
 .debug_macro   0x0000000000021351      0x3f7 Middlewares/ST/STM32_USB_Device_Library/Core/Src/usbd_ctlreq.o
 .debug_macro   0x0000000000021748      0x3f3 Middlewares/ST/STM32_USB_Device_Library/Core/Src/usbd_ioreq.o
 .debug_macro   0x0000000000021b3b      0x426 USB_DEVICE/App/usb_device.o
 .debug_macro   0x0000000000021f61       0x22 USB_DEVICE/App/usb_device.o
 .debug_macro   0x0000000000021f83       0x16 USB_DEVICE/App/usb_device.o
 .debug_macro   0x0000000000021f99      0x411 USB_DEVICE/App/usbd_cdc_if.o
 .debug_macro   0x00000000000223aa      0x430 USB_DEVICE/App/usbd_desc.o
 .debug_macro   0x00000000000227da       0x1c USB_DEVICE/App/usbd_desc.o
 .debug_macro   0x00000000000227f6      0x40a USB_DEVICE/Target/usbd_conf.o

.debug_line     0x0000000000000000     0xe082
 .debug_line    0x0000000000000000      0xabd Core/Src/main.o
 .debug_line    0x0000000000000abd      0x736 Core/Src/stm32l4xx_hal_msp.o
 .debug_line    0x00000000000011f3      0x7c1 Core/Src/stm32l4xx_it.o
 .debug_line    0x00000000000019b4      0x4c7 Core/Src/sysmem.o
 .debug_line    0x0000000000001e7b      0x732 Core/Src/system_stm32l4xx.o
 .debug_line    0x00000000000025ad       0x87 Core/Startup/startup_stm32l432kbux.o
 .debug_line    0x0000000000002634      0x948 Drivers/STM32L4xx_HAL_Driver/Src/stm32l4xx_hal.o
 .debug_line    0x0000000000002f7c      0xa30 Drivers/STM32L4xx_HAL_Driver/Src/stm32l4xx_hal_cortex.o
 .debug_line    0x00000000000039ac      0x86e Drivers/STM32L4xx_HAL_Driver/Src/stm32l4xx_hal_gpio.o
 .debug_line    0x000000000000421a      0xd03 Drivers/STM32L4xx_HAL_Driver/Src/stm32l4xx_hal_pcd.o
 .debug_line    0x0000000000004f1d      0x7ce Drivers/STM32L4xx_HAL_Driver/Src/stm32l4xx_hal_pcd_ex.o
 .debug_line    0x00000000000056eb      0xa35 Drivers/STM32L4xx_HAL_Driver/Src/stm32l4xx_hal_pwr_ex.o
 .debug_line    0x0000000000006120      0xa2d Drivers/STM32L4xx_HAL_Driver/Src/stm32l4xx_hal_rcc.o
 .debug_line    0x0000000000006b4d      0xc32 Drivers/STM32L4xx_HAL_Driver/Src/stm32l4xx_hal_rcc_ex.o
 .debug_line    0x000000000000777f      0xdae Drivers/STM32L4xx_HAL_Driver/Src/stm32l4xx_ll_usb.o
 .debug_line    0x000000000000852d      0xbc7 Middlewares/ST/STM32_USB_Device_Library/Class/CDC/Src/usbd_cdc.o
 .debug_line    0x00000000000090f4      0xbe4 Middlewares/ST/STM32_USB_Device_Library/Core/Src/usbd_core.o
 .debug_line    0x0000000000009cd8      0xcdc Middlewares/ST/STM32_USB_Device_Library/Core/Src/usbd_ctlreq.o
 .debug_line    0x000000000000a9b4      0xa62 Middlewares/ST/STM32_USB_Device_Library/Core/Src/usbd_ioreq.o
 .debug_line    0x000000000000b416      0xa44 USB_DEVICE/App/usb_device.o
 .debug_line    0x000000000000be5a      0xa8a USB_DEVICE/App/usbd_cdc_if.o
 .debug_line    0x000000000000c8e4      0xaa9 USB_DEVICE/App/usbd_desc.o
 .debug_line    0x000000000000d38d      0xcf5 USB_DEVICE/Target/usbd_conf.o

.debug_str      0x0000000000000000    0xc2e7c
 .debug_str     0x0000000000000000    0xbf1bc Core/Src/main.o
                                      0xbf5f2 (size before relaxing)
 .debug_str     0x00000000000bf1bc      0x38c Core/Src/stm32l4xx_hal_msp.o
                                      0xba357 (size before relaxing)
 .debug_str     0x00000000000bf548      0x39b Core/Src/stm32l4xx_it.o
                                      0xba1e7 (size before relaxing)
 .debug_str     0x00000000000bf8e3      0x4e9 Core/Src/sysmem.o
                                       0x5f72 (size before relaxing)
 .debug_str     0x00000000000bfdcc       0xcd Core/Src/system_stm32l4xx.o
                                      0xb9ed5 (size before relaxing)
 .debug_str     0x00000000000bfe99       0x36 Core/Startup/startup_stm32l432kbux.o
                                         0x7f (size before relaxing)
 .debug_str     0x00000000000bfecf      0x856 Drivers/STM32L4xx_HAL_Driver/Src/stm32l4xx_hal.o
                                      0xba7b3 (size before relaxing)
 .debug_str     0x00000000000c0725      0x389 Drivers/STM32L4xx_HAL_Driver/Src/stm32l4xx_hal_cortex.o
                                      0xba610 (size before relaxing)
 .debug_str     0x00000000000c0aae      0x23b Drivers/STM32L4xx_HAL_Driver/Src/stm32l4xx_hal_gpio.o
                                      0xba14f (size before relaxing)
 .debug_str     0x00000000000c0ce9      0x3e8 Drivers/STM32L4xx_HAL_Driver/Src/stm32l4xx_hal_pcd.o
                                      0xba492 (size before relaxing)
 .debug_str     0x00000000000c10d1      0x1c6 Drivers/STM32L4xx_HAL_Driver/Src/stm32l4xx_hal_pcd_ex.o
                                      0xba25a (size before relaxing)
 .debug_str     0x00000000000c1297      0x45a Drivers/STM32L4xx_HAL_Driver/Src/stm32l4xx_hal_pwr_ex.o
                                      0xba378 (size before relaxing)
 .debug_str     0x00000000000c16f1      0x395 Drivers/STM32L4xx_HAL_Driver/Src/stm32l4xx_hal_rcc.o
                                      0xba451 (size before relaxing)
 .debug_str     0x00000000000c1a86      0x52f Drivers/STM32L4xx_HAL_Driver/Src/stm32l4xx_hal_rcc_ex.o
                                      0xba6c9 (size before relaxing)
 .debug_str     0x00000000000c1fb5      0x2e6 Drivers/STM32L4xx_HAL_Driver/Src/stm32l4xx_ll_usb.o
                                      0xba27e (size before relaxing)
 .debug_str     0x00000000000c229b      0x2aa Middlewares/ST/STM32_USB_Device_Library/Class/CDC/Src/usbd_cdc.o
                                      0xbf633 (size before relaxing)
 .debug_str     0x00000000000c2545      0x1a2 Middlewares/ST/STM32_USB_Device_Library/Core/Src/usbd_core.o
                                      0xbef02 (size before relaxing)
 .debug_str     0x00000000000c26e7      0x15b Middlewares/ST/STM32_USB_Device_Library/Core/Src/usbd_ctlreq.o
                                      0xbeec0 (size before relaxing)
 .debug_str     0x00000000000c2842       0xc9 Middlewares/ST/STM32_USB_Device_Library/Core/Src/usbd_ioreq.o
                                      0xbee10 (size before relaxing)
 .debug_str     0x00000000000c290b       0xc2 USB_DEVICE/App/usb_device.o
                                      0xbf184 (size before relaxing)
 .debug_str     0x00000000000c29cd       0x9a USB_DEVICE/App/usbd_cdc_if.o
                                      0xbf1d6 (size before relaxing)
 .debug_str     0x00000000000c2a67      0x298 USB_DEVICE/App/usbd_desc.o
                                      0xbed8c (size before relaxing)
 .debug_str     0x00000000000c2cff      0x17d USB_DEVICE/Target/usbd_conf.o
                                      0xbfc1c (size before relaxing)

.comment        0x0000000000000000       0x7b
 .comment       0x0000000000000000       0x7b Core/Src/main.o
                                         0x7c (size before relaxing)
 .comment       0x000000000000007b       0x7c Core/Src/stm32l4xx_hal_msp.o
 .comment       0x000000000000007b       0x7c Core/Src/stm32l4xx_it.o
 .comment       0x000000000000007b       0x7c Core/Src/sysmem.o
 .comment       0x000000000000007b       0x7c Core/Src/system_stm32l4xx.o
 .comment       0x000000000000007b       0x7c Drivers/STM32L4xx_HAL_Driver/Src/stm32l4xx_hal.o