stm32l4xx_ll_usb.c:1816:19:USB_CoreInit	0	static
stm32l4xx_ll_usb.c:1836:19:USB_EnableGlobalInt	0	static
stm32l4xx_ll_usb.c:1861:19:USB_DisableGlobalInt	0	static
stm32l4xx_ll_usb.c:1885:19:USB_SetCurrentMode	0	static
stm32l4xx_ll_usb.c:1906:19:USB_DevInit	8	static
stm32l4xx_ll_usb.c:1934:19:USB_SetDevSpeed	0	static
stm32l4xx_ll_usb.c:1956:19:USB_FlushTxFifo	0	static
stm32l4xx_ll_usb.c:1975:19:USB_FlushRxFifo	0	static
stm32l4xx_ll_usb.c:1994:19:USB_ActivateEndpoint	20	static
stm32l4xx_ll_usb.c:2107:19:USB_DeactivateEndpoint	8	static
stm32l4xx_ll_usb.c:2366:19:USB_WritePacket	0	static
stm32l4xx_ll_usb.c:2388:7:USB_ReadPacket	0	static
stm32l4xx_ll_usb.c:2407:19:USB_EPSetStall	0	static
stm32l4xx_ll_usb.c:2427:19:USB_EPClearStall	0	static
stm32l4xx_ll_usb.c:2458:19:USB_StopDevice	0	static
stm32l4xx_ll_usb.c:2479:20:USB_SetDevAddress	0	static
stm32l4xx_ll_usb.c:2495:20:USB_DevConnect	0	static
stm32l4xx_ll_usb.c:2508:20:USB_DevDisconnect	0	static
stm32l4xx_ll_usb.c:2521:11:USB_ReadInterrupts	0	static
stm32l4xx_ll_usb.c:2534:10:USB_ReadDevAllOutEpInterrupt	0	static
stm32l4xx_ll_usb.c:2550:10:USB_ReadDevAllInEpInterrupt	0	static
stm32l4xx_ll_usb.c:2568:10:USB_ReadDevOutEPInterrupt	0	static
stm32l4xx_ll_usb.c:2587:10:USB_ReadDevInEPInterrupt	0	static
stm32l4xx_ll_usb.c:2605:7:USB_ClearInterrupts	0	static
stm32l4xx_ll_usb.c:2622:19:USB_EP0_OutStart	0	static
stm32l4xx_ll_usb.c:2639:19:USB_ActivateRemoteWakeup	0	static
stm32l4xx_ll_usb.c:2651:19:USB_DeActivateRemoteWakeup	0	static
stm32l4xx_ll_usb.c:2665:6:USB_WritePMA	0	static
stm32l4xx_ll_usb.c:2160:19:USB_EPStartXfer	24	static
stm32l4xx_ll_usb.c:2699:6:USB_ReadPMA	20	static
